Archive member included to satisfy reference by file (symbol)

F:/programy/STM32CubeIDE/STM32CubeIDE_2.1.1/STM32CubeIDE/plugins/com.st.stm32cube.ide.mcu.externaltools.gnu-tools-for-stm32.14.3.rel1.win32_1.0.100.202602081740/tools/bin/../lib/gcc/arm-none-eabi/14.3.1/../../../../arm-none-eabi/lib/thumb/v7e-m+fp/hard\libc_nano.a(libc_a-exit.o)
                              F:/programy/STM32CubeIDE/STM32CubeIDE_2.1.1/STM32CubeIDE/plugins/com.st.stm32cube.ide.mcu.externaltools.gnu-tools-for-stm32.14.3.rel1.win32_1.0.100.202602081740/tools/bin/../lib/gcc/arm-none-eabi/14.3.1/../../../../arm-none-eabi/lib/thumb/v7e-m+fp/hard/crt0.o (exit)
F:/programy/STM32CubeIDE/STM32CubeIDE_2.1.1/STM32CubeIDE/plugins/com.st.stm32cube.ide.mcu.externaltools.gnu-tools-for-stm32.14.3.rel1.win32_1.0.100.202602081740/tools/bin/../lib/gcc/arm-none-eabi/14.3.1/../../../../arm-none-eabi/lib/thumb/v7e-m+fp/hard\libc_nano.a(libc_a-findfp.o)
                              F:/programy/STM32CubeIDE/STM32CubeIDE_2.1.1/STM32CubeIDE/plugins/com.st.stm32cube.ide.mcu.externaltools.gnu-tools-for-stm32.14.3.rel1.win32_1.0.100.202602081740/tools/bin/../lib/gcc/arm-none-eabi/14.3.1/../../../../arm-none-eabi/lib/thumb/v7e-m+fp/hard\libc_nano.a(libc_a-exit.o) (__stdio_exit_handler)
F:/programy/STM32CubeIDE/STM32CubeIDE_2.1.1/STM32CubeIDE/plugins/com.st.stm32cube.ide.mcu.externaltools.gnu-tools-for-stm32.14.3.rel1.win32_1.0.100.202602081740/tools/bin/../lib/gcc/arm-none-eabi/14.3.1/../../../../arm-none-eabi/lib/thumb/v7e-m+fp/hard\libc_nano.a(libc_a-fwalk.o)
                              F:/programy/STM32CubeIDE/STM32CubeIDE_2.1.1/STM32CubeIDE/plugins/com.st.stm32cube.ide.mcu.externaltools.gnu-tools-for-stm32.14.3.rel1.win32_1.0.100.202602081740/tools/bin/../lib/gcc/arm-none-eabi/14.3.1/../../../../arm-none-eabi/lib/thumb/v7e-m+fp/hard\libc_nano.a(libc_a-findfp.o) (_fwalk_sglue)
F:/programy/STM32CubeIDE/STM32CubeIDE_2.1.1/STM32CubeIDE/plugins/com.st.stm32cube.ide.mcu.externaltools.gnu-tools-for-stm32.14.3.rel1.win32_1.0.100.202602081740/tools/bin/../lib/gcc/arm-none-eabi/14.3.1/../../../../arm-none-eabi/lib/thumb/v7e-m+fp/hard\libc_nano.a(libc_a-stdio.o)
                              F:/programy/STM32CubeIDE/STM32CubeIDE_2.1.1/STM32CubeIDE/plugins/com.st.stm32cube.ide.mcu.externaltools.gnu-tools-for-stm32.14.3.rel1.win32_1.0.100.202602081740/tools/bin/../lib/gcc/arm-none-eabi/14.3.1/../../../../arm-none-eabi/lib/thumb/v7e-m+fp/hard\libc_nano.a(libc_a-findfp.o) (__sread)
F:/programy/STM32CubeIDE/STM32CubeIDE_2.1.1/STM32CubeIDE/plugins/com.st.stm32cube.ide.mcu.externaltools.gnu-tools-for-stm32.14.3.rel1.win32_1.0.100.202602081740/tools/bin/../lib/gcc/arm-none-eabi/14.3.1/../../../../arm-none-eabi/lib/thumb/v7e-m+fp/hard\libc_nano.a(libc_a-memset.o)
                              F:/programy/STM32CubeIDE/STM32CubeIDE_2.1.1/STM32CubeIDE/plugins/com.st.stm32cube.ide.mcu.externaltools.gnu-tools-for-stm32.14.3.rel1.win32_1.0.100.202602081740/tools/bin/../lib/gcc/arm-none-eabi/14.3.1/../../../../arm-none-eabi/lib/thumb/v7e-m+fp/hard/crt0.o (memset)
F:/programy/STM32CubeIDE/STM32CubeIDE_2.1.1/STM32CubeIDE/plugins/com.st.stm32cube.ide.mcu.externaltools.gnu-tools-for-stm32.14.3.rel1.win32_1.0.100.202602081740/tools/bin/../lib/gcc/arm-none-eabi/14.3.1/../../../../arm-none-eabi/lib/thumb/v7e-m+fp/hard\libc_nano.a(libc_a-closer.o)
                              F:/programy/STM32CubeIDE/STM32CubeIDE_2.1.1/STM32CubeIDE/plugins/com.st.stm32cube.ide.mcu.externaltools.gnu-tools-for-stm32.14.3.rel1.win32_1.0.100.202602081740/tools/bin/../lib/gcc/arm-none-eabi/14.3.1/../../../../arm-none-eabi/lib/thumb/v7e-m+fp/hard\libc_nano.a(libc_a-stdio.o) (_close_r)
F:/programy/STM32CubeIDE/STM32CubeIDE_2.1.1/STM32CubeIDE/plugins/com.st.stm32cube.ide.mcu.externaltools.gnu-tools-for-stm32.14.3.rel1.win32_1.0.100.202602081740/tools/bin/../lib/gcc/arm-none-eabi/14.3.1/../../../../arm-none-eabi/lib/thumb/v7e-m+fp/hard\libc_nano.a(libc_a-reent.o)
                              F:/programy/STM32CubeIDE/STM32CubeIDE_2.1.1/STM32CubeIDE/plugins/com.st.stm32cube.ide.mcu.externaltools.gnu-tools-for-stm32.14.3.rel1.win32_1.0.100.202602081740/tools/bin/../lib/gcc/arm-none-eabi/14.3.1/../../../../arm-none-eabi/lib/thumb/v7e-m+fp/hard\libc_nano.a(libc_a-closer.o) (errno)
F:/programy/STM32CubeIDE/STM32CubeIDE_2.1.1/STM32CubeIDE/plugins/com.st.stm32cube.ide.mcu.externaltools.gnu-tools-for-stm32.14.3.rel1.win32_1.0.100.202602081740/tools/bin/../lib/gcc/arm-none-eabi/14.3.1/../../../../arm-none-eabi/lib/thumb/v7e-m+fp/hard\libc_nano.a(libc_a-impure.o)
                              F:/programy/STM32CubeIDE/STM32CubeIDE_2.1.1/STM32CubeIDE/plugins/com.st.stm32cube.ide.mcu.externaltools.gnu-tools-for-stm32.14.3.rel1.win32_1.0.100.202602081740/tools/bin/../lib/gcc/arm-none-eabi/14.3.1/../../../../arm-none-eabi/lib/thumb/v7e-m+fp/hard\libc_nano.a(libc_a-reent.o) (_impure_ptr)
[...]
Memory Configuration

Name             Origin             Length             Attributes
RAM              0x20000000         0x00020000         xrw
FLASH            0x08000000         0x00080000         xr
*default*        0x00000000         0xffffffff

Linker script and memory map

LOAD F:/programy/STM32CubeIDE/STM32CubeIDE_2.1.1/STM32CubeIDE/plugins/com.st.stm32cube.ide.mcu.externaltools.gnu-tools-for-stm32.14.3.rel1.win32_1.0.100.202602081740/tools/bin/../lib/gcc/arm-none-eabi/14.3.1/thumb/v7e-m+fp/hard/crti.o
LOAD F:/programy/STM32CubeIDE/STM32CubeIDE_2.1.1/STM32CubeIDE/plugins/com.st.stm32cube.ide.mcu.externaltools.gnu-tools-for-stm32.14.3.rel1.win32_1.0.100.202602081740/tools/bin/../lib/gcc/arm-none-eabi/14.3.1/thumb/v7e-m+fp/hard/crtbegin.o
LOAD F:/programy/STM32CubeIDE/STM32CubeIDE_2.1.1/STM32CubeIDE/plugins/com.st.stm32cube.ide.mcu.externaltools.gnu-tools-for-stm32.14.3.rel1.win32_1.0.100.202602081740/tools/bin/../lib/gcc/arm-none-eabi/14.3.1/../../../../arm-none-eabi/lib/thumb/v7e-m+fp/hard/crt0.o
LOAD ./Core/Src/main.o
LOAD ./Core/Src/spx25.o
LOAD ./Core/Src/stm32g4xx_hal_msp.o
LOAD ./Core/Src/stm32g4xx_it.o
LOAD ./Core/Src/syscalls.o
LOAD ./Core/Src/sysmem.o
LOAD ./Core/Src/system_stm32g4xx.o
LOAD ./Core/Startup/startup_stm32g474retx.o
LOAD ./Drivers/STM32G4xx_HAL_Driver/Src/stm32g4xx_hal.o
LOAD ./Drivers/STM32G4xx_HAL_Driver/Src/stm32g4xx_hal_adc.o
LOAD ./Drivers/STM32G4xx_HAL_Driver/Src/stm32g4xx_hal_adc_ex.o
LOAD ./Drivers/STM32G4xx_HAL_Driver/Src/stm32g4xx_hal_cortex.o
LOAD ./Drivers/STM32G4xx_HAL_Driver/Src/stm32g4xx_hal_dma.o
LOAD ./Drivers/STM32G4xx_HAL_Driver/Src/stm32g4xx_hal_dma_ex.o
LOAD ./Drivers/STM32G4xx_HAL_Driver/Src/stm32g4xx_hal_exti.o
LOAD ./Drivers/STM32G4xx_HAL_Driver/Src/stm32g4xx_hal_flash.o
LOAD ./Drivers/STM32G4xx_HAL_Driver/Src/stm32g4xx_hal_flash_ex.o
LOAD ./Drivers/STM32G4xx_HAL_Driver/Src/stm32g4xx_hal_flash_ramfunc.o
LOAD ./Drivers/STM32G4xx_HAL_Driver/Src/stm32g4xx_hal_gpio.o
LOAD ./Drivers/STM32G4xx_HAL_Driver/Src/stm32g4xx_hal_pwr.o
LOAD ./Drivers/STM32G4xx_HAL_Driver/Src/stm32g4xx_hal_pwr_ex.o
LOAD ./Drivers/STM32G4xx_HAL_Driver/Src/stm32g4xx_hal_rcc.o
LOAD ./Drivers/STM32G4xx_HAL_Driver/Src/stm32g4xx_hal_rcc_ex.o
LOAD ./Drivers/STM32G4xx_HAL_Driver/Src/stm32g4xx_ll_adc.o
START GROUP
LOAD F:/programy/STM32CubeIDE/STM32CubeIDE_2.1.1/STM32CubeIDE/plugins/com.st.stm32cube.ide.mcu.externaltools.gnu-tools-for-stm32.14.3.rel1.win32_1.0.100.202602081740/tools/bin/../lib/gcc/arm-none-eabi/14.3.1/../../../../arm-none-eabi/lib/thumb/v7e-m+fp/hard\libc_nano.a
LOAD F:/programy/STM32CubeIDE/STM32CubeIDE_2.1.1/STM32CubeIDE/plugins/com.st.stm32cube.ide.mcu.externaltools.gnu-tools-for-stm32.14.3.rel1.win32_1.0.100.202602081740/tools/bin/../lib/gcc/arm-none-eabi/14.3.1/../../../../arm-none-eabi/lib/thumb/v7e-m+fp/hard\libm.a
END GROUP
START GROUP
LOAD F:/programy/STM32CubeIDE/STM32CubeIDE_2.1.1/STM32CubeIDE/plugins/com.st.stm32cube.ide.mcu.externaltools.gnu-tools-for-stm32.14.3.rel1.win32_1.0.100.202602081740/tools/bin/../lib/gcc/arm-none-eabi/14.3.1/thumb/v7e-m+fp/hard\libgcc.a
LOAD F:/programy/STM32CubeIDE/STM32CubeIDE_2.1.1/STM32CubeIDE/plugins/com.st.stm32cube.ide.mcu.externaltools.gnu-tools-for-stm32.14.3.rel1.win32_1.0.100.202602081740/tools/bin/../lib/gcc/arm-none-eabi/14.3.1/../../../../arm-none-eabi/lib/thumb/v7e-m+fp/hard\libc_nano.a
END GROUP
START GROUP
LOAD F:/programy/STM32CubeIDE/STM32CubeIDE_2.1.1/STM32CubeIDE/plugins/com.st.stm32cube.ide.mcu.externaltools.gnu-tools-for-stm32.14.3.rel1.win32_1.0.100.202602081740/tools/bin/../lib/gcc/arm-none-eabi/14.3.1/thumb/v7e-m+fp/hard\libgcc.a
LOAD F:/programy/STM32CubeIDE/STM32CubeIDE_2.1.1/STM32CubeIDE/plugins/com.st.stm32cube.ide.mcu.externaltools.gnu-tools-for-stm32.14.3.rel1.win32_1.0.100.202602081740/tools/bin/../lib/gcc/arm-none-eabi/14.3.1/../../../../arm-none-eabi/lib/thumb/v7e-m+fp/hard\libc_nano.a
LOAD F:/programy/STM32CubeIDE/STM32CubeIDE_2.1.1/STM32CubeIDE/plugins/com.st.stm32cube.ide.mcu.externaltools.gnu-tools-for-stm32.14.3.rel1.win32_1.0.100.202602081740/tools/bin/../lib/gcc/arm-none-eabi/14.3.1/../../../../arm-none-eabi/lib/thumb/v7e-m+fp/hard\libnosys.a
END GROUP
START GROUP
LOAD F:/programy/STM32CubeIDE/STM32CubeIDE_2.1.1/STM32CubeIDE/plugins/com.st.stm32cube.ide.mcu.externaltools.gnu-tools-for-stm32.14.3.rel1.win32_1.0.100.202602081740/tools/bin/../lib/gcc/arm-none-eabi/14.3.1/thumb/v7e-m+fp/hard\libgcc.a
LOAD F:/programy/STM32CubeIDE/STM32CubeIDE_2.1.1/STM32CubeIDE/plugins/com.st.stm32cube.ide.mcu.externaltools.gnu-tools-for-stm32.14.3.rel1.win32_1.0.100.202602081740/tools/bin/../lib/gcc/arm-none-eabi/14.3.1/../../../../arm-none-eabi/lib/thumb/v7e-m+fp/hard\libc_nano.a
LOAD F:/programy/STM32CubeIDE/STM32CubeIDE_2.1.1/STM32CubeIDE/plugins/com.st.stm32cube.ide.mcu.externaltools.gnu-tools-for-stm32.14.3.rel1.win32_1.0.100.202602081740/tools/bin/../lib/gcc/arm-none-eabi/14.3.1/../../../../arm-none-eabi/lib/thumb/v7e-m+fp/hard\libnosys.a
END GROUP
LOAD F:/programy/STM32CubeIDE/STM32CubeIDE_2.1.1/STM32CubeIDE/plugins/com.st.stm32cube.ide.mcu.externaltools.gnu-tools-for-stm32.14.3.rel1.win32_1.0.100.202602081740/tools/bin/../lib/gcc/arm-none-eabi/14.3.1/thumb/v7e-m+fp/hard/crtend.o
LOAD F:/programy/STM32CubeIDE/STM32CubeIDE_2.1.1/STM32CubeIDE/plugins/com.st.stm32cube.ide.mcu.externaltools.gnu-tools-for-stm32.14.3.rel1.win32_1.0.100.202602081740/tools/bin/../lib/gcc/arm-none-eabi/14.3.1/thumb/v7e-m+fp/hard/crtn.o
                0x20020000                        _estack = (ORIGIN (RAM) + LENGTH (RAM))
                0x00000200                        _Min_Heap_Size = 0x200
                0x00000400                        _Min_Stack_Size = 0x400

.isr_vector     0x08000000      0x1d8
                0x08000000                        . = ALIGN (0x4)
 *(.isr_vector)
 .isr_vector    0x08000000      0x1d8 ./Core/Startup/startup_stm32g474retx.o
                0x08000000                g_pfnVectors
                0x080001d8                        . = ALIGN (0x4)

.text           0x080001d8     0x4008
                0x080001d8                        . = ALIGN (0x4)
 *(.text)
 .text          0x080001d8       0x40 F:/programy/STM32CubeIDE/STM32CubeIDE_2.1.1/STM32CubeIDE/plugins/com.st.stm32cube.ide.mcu.externaltools.gnu-tools-for-stm32.14.3.rel1.win32_1.0.100.202602081740/tools/bin/../lib/gcc/arm-none-eabi/14.3.1/thumb/v7e-m+fp/hard/crtbegin.o
 *(.text*)
 .text.main     0x08000218      0x10c ./Core/Src/main.o
                0x08000218                main
 .text.SystemClock_Config
                0x08000324       0x98 ./Core/Src/main.o
                0x08000324                SystemClock_Config
 .text.MX_ADC1_Init
                0x080003bc       0xf0 ./Core/Src/main.o
 .text.MX_DMA_Init
                0x080004ac       0x48 ./Core/Src/main.o
 .text.MX_GPIO_Init
                0x080004f4       0x94 ./Core/Src/main.o
 .text.Error_Handler
                0x08000588        0xc ./Core/Src/main.o
                0x08000588                Error_Handler
 .text.spx25_set_mode
                0x08000594       0x34 ./Core/Src/spx25.o
                0x08000594                spx25_set_mode
 .text.spx25_measurement_conversion
                0x080005c8       0xec ./Core/Src/spx25.o
                0x080005c8                spx25_measurement_conversion
 .text.HAL_MspInit
                0x080006b4       0x48 ./Core/Src/stm32g4xx_hal_msp.o
                0x080006b4                HAL_MspInit
 .text.HAL_ADC_MspInit
                0x080006fc      0x104 ./Core/Src/stm32g4xx_hal_msp.o
                0x080006fc                HAL_ADC_MspInit
 .text.NMI_Handler
                0x08000800        0x8 ./Core/Src/stm32g4xx_it.o
                0x08000800                NMI_Handler
 .text.HardFault_Handler
                0x08000808        0x8 ./Core/Src/stm32g4xx_it.o
                0x08000808                HardFault_Handler
 .text.MemManage_Handler
                0x08000810        0x8 ./Core/Src/stm32g4xx_it.o
                0x08000810                MemManage_Handler
 .text.BusFault_Handler
                0x08000818        0x8 ./Core/Src/stm32g4xx_it.o
                0x08000818                BusFault_Handler
 .text.UsageFault_Handler
                0x08000820        0x8 ./Core/Src/stm32g4xx_it.o
                0x08000820                UsageFault_Handler
 .text.SVC_Handler
                0x08000828        0xe ./Core/Src/stm32g4xx_it.o
                0x08000828                SVC_Handler
 .text.DebugMon_Handler
                0x08000836        0xe ./Core/Src/stm32g4xx_it.o
                0x08000836                DebugMon_Handler
 .text.PendSV_Handler
                0x08000844        0xe ./Core/Src/stm32g4xx_it.o
                0x08000844                PendSV_Handler
 .text.SysTick_Handler
                0x08000852        0xc ./Core/Src/stm32g4xx_it.o
                0x08000852                SysTick_Handler
 *fill*         0x0800085e        0x2 
 .text.SystemInit
                0x08000860       0x24 ./Core/Src/system_stm32g4xx.o
                0x08000860                SystemInit
 .text.Reset_Handler
                0x08000884       0x50 ./Core/Startup/startup_stm32g474retx.o
                0x08000884                Reset_Handler
 .text.Default_Handler
                0x080008d4        0x2 ./Core/Startup/startup_stm32g474retx.o
                0x080008d4                RTC_Alarm_IRQHandler
                0x080008d4                EXTI2_IRQHandler
                0x080008d4                TIM8_TRG_COM_IRQHandler
                0x080008d4                TIM8_CC_IRQHandler
                0x080008d4                HRTIM1_Master_IRQHandler
                0x080008d4                SPI4_IRQHandler
                0x080008d4                FDCAN3_IT0_IRQHandler
                0x080008d4                TIM1_CC_IRQHandler
                0x080008d4                HRTIM1_FLT_IRQHandler
                0x080008d4                HRTIM1_TIMF_IRQHandler
                0x080008d4                USB_HP_IRQHandler
                0x080008d4                CORDIC_IRQHandler
                0x080008d4                HRTIM1_TIMD_IRQHandler
                0x080008d4                DMA2_Channel8_IRQHandler
                0x080008d4                EXTI3_IRQHandler
                0x080008d4                I2C3_ER_IRQHandler
                0x080008d4                EXTI0_IRQHandler
                0x080008d4                I2C2_EV_IRQHandler
                0x080008d4                FPU_IRQHandler
                0x080008d4                FDCAN1_IT1_IRQHandler
                0x080008d4                TIM1_UP_TIM16_IRQHandler
                0x080008d4                ADC1_2_IRQHandler
                0x080008d4                HRTIM1_TIME_IRQHandler
                0x080008d4                SPI1_IRQHandler
                0x080008d4                TIM6_DAC_IRQHandler
                0x080008d4                HRTIM1_TIMC_IRQHandler
                0x080008d4                TIM8_UP_IRQHandler
                0x080008d4                DMA2_Channel2_IRQHandler
                0x080008d4                DMA1_Channel4_IRQHandler
                0x080008d4                TIM20_TRG_COM_IRQHandler
                0x080008d4                USART3_IRQHandler
                0x080008d4                DMA1_Channel7_IRQHandler
                0x080008d4                UART5_IRQHandler
                0x080008d4                ADC3_IRQHandler
                0x080008d4                TIM4_IRQHandler
                0x080008d4                DMA2_Channel1_IRQHandler
                0x080008d4                QUADSPI_IRQHandler
                0x080008d4                I2C1_EV_IRQHandler
                0x080008d4                DMA1_Channel6_IRQHandler
                0x080008d4                UART4_IRQHandler
                0x080008d4                DMA2_Channel4_IRQHandler
                0x080008d4                TIM3_IRQHandler
                0x080008d4                RCC_IRQHandler
                0x080008d4                TIM20_UP_IRQHandler
                0x080008d4                DMA1_Channel1_IRQHandler
                0x080008d4                Default_Handler
                0x080008d4                DMA2_Channel7_IRQHandler
                0x080008d4                RTC_TAMP_LSECSS_IRQHandler
                0x080008d4                FMAC_IRQHandler
                0x080008d4                EXTI15_10_IRQHandler
                0x080008d4                DMA1_Channel8_IRQHandler
                0x080008d4                HRTIM1_TIMA_IRQHandler
                0x080008d4                TIM7_DAC_IRQHandler
                0x080008d4                FDCAN3_IT1_IRQHandler
                0x080008d4                TIM5_IRQHandler
                0x080008d4                UCPD1_IRQHandler
                0x080008d4                I2C3_EV_IRQHandler
                0x080008d4                EXTI9_5_IRQHandler
                0x080008d4                RTC_WKUP_IRQHandler
                0x080008d4                PVD_PVM_IRQHandler
                0x080008d4                SPI2_IRQHandler
                0x080008d4                ADC5_IRQHandler
                0x080008d4                DMA2_Channel5_IRQHandler
                0x080008d4                CRS_IRQHandler
                0x080008d4                DMA1_Channel5_IRQHandler
                0x080008d4                USB_LP_IRQHandler
                0x080008d4                EXTI4_IRQHandler
                0x080008d4                RNG_IRQHandler
                0x080008d4                HRTIM1_TIMB_IRQHandler
                0x080008d4                TIM1_TRG_COM_TIM17_IRQHandler
                0x080008d4                FDCAN2_IT1_IRQHandler
                0x080008d4                DMA1_Channel3_IRQHandler
                0x080008d4                ADC4_IRQHandler
                0x080008d4                WWDG_IRQHandler
                0x080008d4                I2C4_EV_IRQHandler
                0x080008d4                FDCAN2_IT0_IRQHandler
                0x080008d4                LPUART1_IRQHandler
                0x080008d4                DMA2_Channel6_IRQHandler
                0x080008d4                FDCAN1_IT0_IRQHandler
                0x080008d4                TIM2_IRQHandler
                0x080008d4                COMP7_IRQHandler
                0x080008d4                COMP1_2_3_IRQHandler
                0x080008d4                EXTI1_IRQHandler
                0x080008d4                USART2_IRQHandler
                0x080008d4                COMP4_5_6_IRQHandler
                0x080008d4                TIM20_BRK_IRQHandler
                0x080008d4                I2C2_ER_IRQHandler
                0x080008d4                DMA1_Channel2_IRQHandler
                0x080008d4                TIM8_BRK_IRQHandler
                0x080008d4                FLASH_IRQHandler
                0x080008d4                TIM20_CC_IRQHandler
                0x080008d4                USART1_IRQHandler
                0x080008d4                SPI3_IRQHandler
                0x080008d4                I2C1_ER_IRQHandler
                0x080008d4                FMC_IRQHandler
                0x080008d4                LPTIM1_IRQHandler
                0x080008d4                DMAMUX_OVR_IRQHandler
                0x080008d4                I2C4_ER_IRQHandler
                0x080008d4                USBWakeUp_IRQHandler
                0x080008d4                SAI1_IRQHandler
                0x080008d4                DMA2_Channel3_IRQHandler
                0x080008d4                TIM1_BRK_TIM15_IRQHandler
 .text.HAL_Init
                0x080008d6       0x30 ./Drivers/STM32G4xx_HAL_Driver/Src/stm32g4xx_hal.o
                0x080008d6                HAL_Init
 *fill*         0x08000906        0x2 
 .text.HAL_InitTick
                0x08000908       0x74 ./Drivers/STM32G4xx_HAL_Driver/Src/stm32g4xx_hal.o
                0x08000908                HAL_InitTick
 .text.HAL_IncTick
                0x0800097c       0x24 ./Drivers/STM32G4xx_HAL_Driver/Src/stm32g4xx_hal.o
                0x0800097c                HAL_IncTick
 .text.HAL_GetTick
                0x080009a0       0x18 ./Drivers/STM32G4xx_HAL_Driver/Src/stm32g4xx_hal.o
                0x080009a0                HAL_GetTick
 .text.LL_ADC_SetCommonClock
                0x080009b8       0x26 ./Drivers/STM32G4xx_HAL_Driver/Src/stm32g4xx_hal_adc.o
 .text.LL_ADC_SetCommonPathInternalCh
                0x080009de       0x26 ./Drivers/STM32G4xx_HAL_Driver/Src/stm32g4xx_hal_adc.o
 .text.LL_ADC_GetCommonPathInternalCh
                0x08000a04       0x1c ./Drivers/STM32G4xx_HAL_Driver/Src/stm32g4xx_hal_adc.o
 .text.LL_ADC_SetOffset
                0x08000a20       0x48 ./Drivers/STM32G4xx_HAL_Driver/Src/stm32g4xx_hal_adc.o
 .text.LL_ADC_GetOffsetChannel
                0x08000a68       0x2c ./Drivers/STM32G4xx_HAL_Driver/Src/stm32g4xx_hal_adc.o
 .text.LL_ADC_SetOffsetState
                0x08000a94       0x36 ./Drivers/STM32G4xx_HAL_Driver/Src/stm32g4xx_hal_adc.o
 .text.LL_ADC_SetOffsetSign
                0x08000aca       0x36 ./Drivers/STM32G4xx_HAL_Driver/Src/stm32g4xx_hal_adc.o
 .text.LL_ADC_SetOffsetSaturation
                0x08000b00       0x36 ./Drivers/STM32G4xx_HAL_Driver/Src/stm32g4xx_hal_adc.o
 .text.LL_ADC_SetSamplingTimeCommonConfig
                0x08000b36       0x26 ./Drivers/STM32G4xx_HAL_Driver/Src/stm32g4xx_hal_adc.o
 .text.LL_ADC_REG_IsTriggerSourceSWStart
                0x08000b5c       0x26 ./Drivers/STM32G4xx_HAL_Driver/Src/stm32g4xx_hal_adc.o
 .text.LL_ADC_REG_SetSequencerRanks
                0x08000b82       0x58 ./Drivers/STM32G4xx_HAL_Driver/Src/stm32g4xx_hal_adc.o
 .text.LL_ADC_SetChannelSamplingTime
                0x08000bda       0x56 ./Drivers/STM32G4xx_HAL_Driver/Src/stm32g4xx_hal_adc.o
 .text.LL_ADC_SetChannelSingleDiff
                0x08000c30       0x48 ./Drivers/STM32G4xx_HAL_Driver/Src/stm32g4xx_hal_adc.o
 .text.LL_ADC_GetMultimode
                0x08000c78       0x1c ./Drivers/STM32G4xx_HAL_Driver/Src/stm32g4xx_hal_adc.o
 .text.LL_ADC_DisableDeepPowerDown
                0x08000c94       0x24 ./Drivers/STM32G4xx_HAL_Driver/Src/stm32g4xx_hal_adc.o
 .text.LL_ADC_IsDeepPowerDownEnabled
                0x08000cb8       0x28 ./Drivers/STM32G4xx_HAL_Driver/Src/stm32g4xx_hal_adc.o
 .text.LL_ADC_EnableInternalRegulator
                0x08000ce0       0x28 ./Drivers/STM32G4xx_HAL_Driver/Src/stm32g4xx_hal_adc.o
 .text.LL_ADC_IsInternalRegulatorEnabled
                0x08000d08       0x28 ./Drivers/STM32G4xx_HAL_Driver/Src/stm32g4xx_hal_adc.o
 .text.LL_ADC_Enable
                0x08000d30       0x28 ./Drivers/STM32G4xx_HAL_Driver/Src/stm32g4xx_hal_adc.o
 .text.LL_ADC_Disable
                0x08000d58       0x28 ./Drivers/STM32G4xx_HAL_Driver/Src/stm32g4xx_hal_adc.o
 .text.LL_ADC_IsEnabled
                0x08000d80       0x26 ./Drivers/STM32G4xx_HAL_Driver/Src/stm32g4xx_hal_adc.o
 .text.LL_ADC_IsDisableOngoing
                0x08000da6       0x26 ./Drivers/STM32G4xx_HAL_Driver/Src/stm32g4xx_hal_adc.o
 .text.LL_ADC_REG_StartConversion
                0x08000dcc       0x28 ./Drivers/STM32G4xx_HAL_Driver/Src/stm32g4xx_hal_adc.o
 .text.LL_ADC_REG_IsConversionOngoing
                0x08000df4       0x26 ./Drivers/STM32G4xx_HAL_Driver/Src/stm32g4xx_hal_adc.o
 .text.LL_ADC_INJ_IsConversionOngoing
                0x08000e1a       0x26 ./Drivers/STM32G4xx_HAL_Driver/Src/stm32g4xx_hal_adc.o
 .text.HAL_ADC_Init
                0x08000e40      0x378 ./Drivers/STM32G4xx_HAL_Driver/Src/stm32g4xx_hal_adc.o
                0x08000e40                HAL_ADC_Init
 .text.HAL_ADC_Start_DMA
                0x080011b8      0x1a8 ./Drivers/STM32G4xx_HAL_Driver/Src/stm32g4xx_hal_adc.o
                0x080011b8                HAL_ADC_Start_DMA
 .text.HAL_ADC_ConvCpltCallback
                0x08001360       0x14 ./Drivers/STM32G4xx_HAL_Driver/Src/stm32g4xx_hal_adc.o
                0x08001360                HAL_ADC_ConvCpltCallback
 .text.HAL_ADC_ConvHalfCpltCallback
                0x08001374       0x14 ./Drivers/STM32G4xx_HAL_Driver/Src/stm32g4xx_hal_adc.o
                0x08001374                HAL_ADC_ConvHalfCpltCallback
 .text.HAL_ADC_ErrorCallback
                0x08001388       0x14 ./Drivers/STM32G4xx_HAL_Driver/Src/stm32g4xx_hal_adc.o
                0x08001388                HAL_ADC_ErrorCallback
 .text.HAL_ADC_ConfigChannel
                0x0800139c      0x880 ./Drivers/STM32G4xx_HAL_Driver/Src/stm32g4xx_hal_adc.o
                0x0800139c                HAL_ADC_ConfigChannel
 .text.ADC_Enable
                0x08001c1c      0x12c ./Drivers/STM32G4xx_HAL_Driver/Src/stm32g4xx_hal_adc.o
                0x08001c1c                ADC_Enable
 .text.ADC_Disable
                0x08001d48       0xbe ./Drivers/STM32G4xx_HAL_Driver/Src/stm32g4xx_hal_adc.o
                0x08001d48                ADC_Disable
 .text.ADC_DMAConvCplt
                0x08001e06       0xd8 ./Drivers/STM32G4xx_HAL_Driver/Src/stm32g4xx_hal_adc.o
                0x08001e06                ADC_DMAConvCplt
 .text.ADC_DMAHalfConvCplt
                0x08001ede       0x1c ./Drivers/STM32G4xx_HAL_Driver/Src/stm32g4xx_hal_adc.o
                0x08001ede                ADC_DMAHalfConvCplt
 .text.ADC_DMAError
                0x08001efa       0x34 ./Drivers/STM32G4xx_HAL_Driver/Src/stm32g4xx_hal_adc.o
                0x08001efa                ADC_DMAError
 .text.LL_ADC_IsEnabled
                0x08001f2e       0x26 ./Drivers/STM32G4xx_HAL_Driver/Src/stm32g4xx_hal_adc_ex.o
 .text.LL_ADC_StartCalibration
                0x08001f54       0x32 ./Drivers/STM32G4xx_HAL_Driver/Src/stm32g4xx_hal_adc_ex.o
 .text.LL_ADC_IsCalibrationOnGoing
                0x08001f86       0x28 ./Drivers/STM32G4xx_HAL_Driver/Src/stm32g4xx_hal_adc_ex.o
 .text.LL_ADC_REG_IsConversionOngoing
                0x08001fae       0x26 ./Drivers/STM32G4xx_HAL_Driver/Src/stm32g4xx_hal_adc_ex.o
 .text.HAL_ADCEx_Calibration_Start
                0x08001fd4       0xc4 ./Drivers/STM32G4xx_HAL_Driver/Src/stm32g4xx_hal_adc_ex.o
                0x08001fd4                HAL_ADCEx_Calibration_Start
 .text.HAL_ADCEx_MultiModeConfigChannel
                0x08002098      0x210 ./Drivers/STM32G4xx_HAL_Driver/Src/stm32g4xx_hal_adc_ex.o
                0x08002098                HAL_ADCEx_MultiModeConfigChannel
 .text.__NVIC_SetPriorityGrouping
                0x080022a8       0x48 ./Drivers/STM32G4xx_HAL_Driver/Src/stm32g4xx_hal_cortex.o
 .text.__NVIC_GetPriorityGrouping
                0x080022f0       0x1c ./Drivers/STM32G4xx_HAL_Driver/Src/stm32g4xx_hal_cortex.o
 .text.__NVIC_SetPriority
                0x0800230c       0x54 ./Drivers/STM32G4xx_HAL_Driver/Src/stm32g4xx_hal_cortex.o
 .text.NVIC_EncodePriority
                0x08002360       0x66 ./Drivers/STM32G4xx_HAL_Driver/Src/stm32g4xx_hal_cortex.o
 *fill*         0x080023c6        0x2 
 .text.SysTick_Config
                0x080023c8       0x44 ./Drivers/STM32G4xx_HAL_Driver/Src/stm32g4xx_hal_cortex.o
 .text.HAL_NVIC_SetPriorityGrouping
                0x0800240c       0x16 ./Drivers/STM32G4xx_HAL_Driver/Src/stm32g4xx_hal_cortex.o
                0x0800240c                HAL_NVIC_SetPriorityGrouping
 .text.HAL_NVIC_SetPriority
                0x08002422       0x34 ./Drivers/STM32G4xx_HAL_Driver/Src/stm32g4xx_hal_cortex.o
                0x08002422                HAL_NVIC_SetPriority
 .text.HAL_SYSTICK_Config
                0x08002456       0x18 ./Drivers/STM32G4xx_HAL_Driver/Src/stm32g4xx_hal_cortex.o
                0x08002456                HAL_SYSTICK_Config
 *fill*         0x0800246e        0x2 
 .text.HAL_DMA_Init
                0x08002470      0x150 ./Drivers/STM32G4xx_HAL_Driver/Src/stm32g4xx_hal_dma.o
                0x08002470                HAL_DMA_Init
 .text.HAL_DMA_Start_IT
                0x080025c0       0xf6 ./Drivers/STM32G4xx_HAL_Driver/Src/stm32g4xx_hal_dma.o
                0x080025c0                HAL_DMA_Start_IT
 .text.DMA_SetConfig
                0x080026b6       0x7c ./Drivers/STM32G4xx_HAL_Driver/Src/stm32g4xx_hal_dma.o
 *fill*         0x08002732        0x2 
 .text.DMA_CalcDMAMUXChannelBaseAndMask
                0x08002734       0x90 ./Drivers/STM32G4xx_HAL_Driver/Src/stm32g4xx_hal_dma.o
 .text.DMA_CalcDMAMUXRequestGenBaseAndMask
                0x080027c4       0x4c ./Drivers/STM32G4xx_HAL_Driver/Src/stm32g4xx_hal_dma.o
 .text.HAL_GPIO_Init
                0x08002810      0x318 ./Drivers/STM32G4xx_HAL_Driver/Src/stm32g4xx_hal_gpio.o
                0x08002810                HAL_GPIO_Init
 .text.HAL_GPIO_ReadPin
                0x08002b28       0x30 ./Drivers/STM32G4xx_HAL_Driver/Src/stm32g4xx_hal_gpio.o
                0x08002b28                HAL_GPIO_ReadPin
 .text.HAL_GPIO_WritePin
                0x08002b58       0x30 ./Drivers/STM32G4xx_HAL_Driver/Src/stm32g4xx_hal_gpio.o
                0x08002b58                HAL_GPIO_WritePin
 .text.HAL_PWREx_ControlVoltageScaling
                0x08002b88      0x148 ./Drivers/STM32G4xx_HAL_Driver/Src/stm32g4xx_hal_pwr_ex.o
                0x08002b88                HAL_PWREx_ControlVoltageScaling
 .text.HAL_PWREx_DisableUCPDDeadBattery
                0x08002cd0       0x20 ./Drivers/STM32G4xx_HAL_Driver/Src/stm32g4xx_hal_pwr_ex.o
                0x08002cd0                HAL_PWREx_DisableUCPDDeadBattery
 .text.HAL_RCC_OscConfig
                0x08002cf0      0x624 ./Drivers/STM32G4xx_HAL_Driver/Src/stm32g4xx_hal_rcc.o
                0x08002cf0                HAL_RCC_OscConfig
 .text.HAL_RCC_ClockConfig
                0x08003314      0x278 ./Drivers/STM32G4xx_HAL_Driver/Src/stm32g4xx_hal_rcc.o
                0x08003314                HAL_RCC_ClockConfig
 .text.HAL_RCC_GetSysClockFreq
                0x0800358c       0xc4 ./Drivers/STM32G4xx_HAL_Driver/Src/stm32g4xx_hal_rcc.o
                0x0800358c                HAL_RCC_GetSysClockFreq
 .text.RCC_GetSysClockFreqFromPLLSource
                0x08003650       0x8c ./Drivers/STM32G4xx_HAL_Driver/Src/stm32g4xx_hal_rcc.o
 .text.HAL_RCCEx_PeriphCLKConfig
                0x080036dc      0x49c ./Drivers/STM32G4xx_HAL_Driver/Src/stm32g4xx_hal_rcc_ex.o
                0x080036dc                HAL_RCCEx_PeriphCLKConfig
 .text.memset   0x08003b78       0x10 F:/programy/STM32CubeIDE/STM32CubeIDE_2.1.1/STM32CubeIDE/plugins/com.st.stm32cube.ide.mcu.externaltools.gnu-tools-for-stm32.14.3.rel1.win32_1.0.100.202602081740/tools/bin/../lib/gcc/arm-none-eabi/14.3.1/../../../../arm-none-eabi/lib/thumb/v7e-m+fp/hard\libc_nano.a(libc_a-memset.o)
                0x08003b78                memset
 .text.__errno  0x08003b88        0xc F:/programy/STM32CubeIDE/STM32CubeIDE_2.1.1/STM32CubeIDE/plugins/com.st.stm32cube.ide.mcu.externaltools.gnu-tools-for-stm32.14.3.rel1.win32_1.0.100.202602081740/tools/bin/../lib/gcc/arm-none-eabi/14.3.1/../../../../arm-none-eabi/lib/thumb/v7e-m+fp/hard\libc_nano.a(libc_a-errno.o)
                0x08003b88                __errno
 .text.__libc_init_array
                0x08003b94       0x48 F:/programy/STM32CubeIDE/STM32CubeIDE_2.1.1/STM32CubeIDE/plugins/com.st.stm32cube.ide.mcu.externaltools.gnu-tools-for-stm32.14.3.rel1.win32_1.0.100.202602081740/tools/bin/../lib/gcc/arm-none-eabi/14.3.1/../../../../arm-none-eabi/lib/thumb/v7e-m+fp/hard\libc_nano.a(libc_a-init.o)
                0x08003b94                __libc_init_array
 .text.expf     0x08003bdc       0x78 F:/programy/STM32CubeIDE/STM32CubeIDE_2.1.1/STM32CubeIDE/plugins/com.st.stm32cube.ide.mcu.externaltools.gnu-tools-for-stm32.14.3.rel1.win32_1.0.100.202602081740/tools/bin/../lib/gcc/arm-none-eabi/14.3.1/../../../../arm-none-eabi/lib/thumb/v7e-m+fp/hard\libm.a(libm_a-wf_exp.o)
                0x08003bdc                expf
 .text.log10f   0x08003c54       0x60 F:/programy/STM32CubeIDE/STM32CubeIDE_2.1.1/STM32CubeIDE/plugins/com.st.stm32cube.ide.mcu.externaltools.gnu-tools-for-stm32.14.3.rel1.win32_1.0.100.202602081740/tools/bin/../lib/gcc/arm-none-eabi/14.3.1/../../../../arm-none-eabi/lib/thumb/v7e-m+fp/hard\libm.a(libm_a-wf_log10.o)
                0x08003c54                log10f
 .text.finitef  0x08003cb4       0x14 F:/programy/STM32CubeIDE/STM32CubeIDE_2.1.1/STM32CubeIDE/plugins/com.st.stm32cube.ide.mcu.externaltools.gnu-tools-for-stm32.14.3.rel1.win32_1.0.100.202602081740/tools/bin/../lib/gcc/arm-none-eabi/14.3.1/../../../../arm-none-eabi/lib/thumb/v7e-m+fp/hard\libm.a(libm_a-sf_finite.o)
                0x08003cb4                finitef
 .text.nanf     0x08003cc8        0xc F:/programy/STM32CubeIDE/STM32CubeIDE_2.1.1/STM32CubeIDE/plugins/com.st.stm32cube.ide.mcu.externaltools.gnu-tools-for-stm32.14.3.rel1.win32_1.0.100.202602081740/tools/bin/../lib/gcc/arm-none-eabi/14.3.1/../../../../arm-none-eabi/lib/thumb/v7e-m+fp/hard\libm.a(libm_a-sf_nan.o)
                0x08003cc8                nanf
 .text.__ieee754_expf
                0x08003cd4      0x1e8 F:/programy/STM32CubeIDE/STM32CubeIDE_2.1.1/STM32CubeIDE/plugins/com.st.stm32cube.ide.mcu.externaltools.gnu-tools-for-stm32.14.3.rel1.win32_1.0.100.202602081740/tools/bin/../lib/gcc/arm-none-eabi/14.3.1/../../../../arm-none-eabi/lib/thumb/v7e-m+fp/hard\libm.a(libm_a-ef_exp.o)
                0x08003cd4                __ieee754_expf
 .text.__ieee754_log10f
                0x08003ebc       0xc4 F:/programy/STM32CubeIDE/STM32CubeIDE_2.1.1/STM32CubeIDE/plugins/com.st.stm32cube.ide.mcu.externaltools.gnu-tools-for-stm32.14.3.rel1.win32_1.0.100.202602081740/tools/bin/../lib/gcc/arm-none-eabi/14.3.1/../../../../arm-none-eabi/lib/thumb/v7e-m+fp/hard\libm.a(libm_a-ef_log10.o)
                0x08003ebc                __ieee754_log10f
 .text.with_errnof
                0x08003f80       0x1c F:/programy/STM32CubeIDE/STM32CubeIDE_2.1.1/STM32CubeIDE/plugins/com.st.stm32cube.ide.mcu.externaltools.gnu-tools-for-stm32.14.3.rel1.win32_1.0.100.202602081740/tools/bin/../lib/gcc/arm-none-eabi/14.3.1/../../../../arm-none-eabi/lib/thumb/v7e-m+fp/hard\libm.a(libm_a-math_errf.o)
 .text.xflowf   0x08003f9c       0x20 F:/programy/STM32CubeIDE/STM32CubeIDE_2.1.1/STM32CubeIDE/plugins/com.st.stm32cube.ide.mcu.externaltools.gnu-tools-for-stm32.14.3.rel1.win32_1.0.100.202602081740/tools/bin/../lib/gcc/arm-none-eabi/14.3.1/../../../../arm-none-eabi/lib/thumb/v7e-m+fp/hard\libm.a(libm_a-math_errf.o)
 .text.__math_uflowf
                0x08003fbc        0xc F:/programy/STM32CubeIDE/STM32CubeIDE_2.1.1/STM32CubeIDE/plugins/com.st.stm32cube.ide.mcu.externaltools.gnu-tools-for-stm32.14.3.rel1.win32_1.0.100.202602081740/tools/bin/../lib/gcc/arm-none-eabi/14.3.1/../../../../arm-none-eabi/lib/thumb/v7e-m+fp/hard\libm.a(libm_a-math_errf.o)
                0x08003fbc                __math_uflowf
 .text.__math_oflowf
                0x08003fc8        0xc F:/programy/STM32CubeIDE/STM32CubeIDE_2.1.1/STM32CubeIDE/plugins/com.st.stm32cube.ide.mcu.externaltools.gnu-tools-for-stm32.14.3.rel1.win32_1.0.100.202602081740/tools/bin/../lib/gcc/arm-none-eabi/14.3.1/../../../../arm-none-eabi/lib/thumb/v7e-m+fp/hard\libm.a(libm_a-math_errf.o)
                0x08003fc8                __math_oflowf
 .text.__ieee754_logf
                0x08003fd4      0x1f4 F:/programy/STM32CubeIDE/STM32CubeIDE_2.1.1/STM32CubeIDE/plugins/com.st.stm32cube.ide.mcu.externaltools.gnu-tools-for-stm32.14.3.rel1.win32_1.0.100.202602081740/tools/bin/../lib/gcc/arm-none-eabi/14.3.1/../../../../arm-none-eabi/lib/thumb/v7e-m+fp/hard\libm.a(libm_a-ef_log.o)
                0x08003fd4                __ieee754_logf
 *(.glue_7)
 .glue_7        0x080041c8        0x0 linker stubs
 *(.glue_7t)
 .glue_7t       0x080041c8        0x0 linker stubs
 *(.eh_frame)
 .eh_frame      0x080041c8        0x0 F:/programy/STM32CubeIDE/STM32CubeIDE_2.1.1/STM32CubeIDE/plugins/com.st.stm32cube.ide.mcu.externaltools.gnu-tools-for-stm32.14.3.rel1.win32_1.0.100.202602081740/tools/bin/../lib/gcc/arm-none-eabi/14.3.1/thumb/v7e-m+fp/hard/crtbegin.o
 *(.init)
 .init          0x080041c8        0x4 F:/programy/STM32CubeIDE/STM32CubeIDE_2.1.1/STM32CubeIDE/plugins/com.st.stm32cube.ide.mcu.externaltools.gnu-tools-for-stm32.14.3.rel1.win32_1.0.100.202602081740/tools/bin/../lib/gcc/arm-none-eabi/14.3.1/thumb/v7e-m+fp/hard/crti.o
                0x080041c8                _init
 .init          0x080041cc        0x8 F:/programy/STM32CubeIDE/STM32CubeIDE_2.1.1/STM32CubeIDE/plugins/com.st.stm32cube.ide.mcu.externaltools.gnu-tools-for-stm32.14.3.rel1.win32_1.0.100.202602081740/tools/bin/../lib/gcc/arm-none-eabi/14.3.1/thumb/v7e-m+fp/hard/crtn.o
 *(.fini)
 .fini          0x080041d4        0x4 F:/programy/STM32CubeIDE/STM32CubeIDE_2.1.1/STM32CubeIDE/plugins/com.st.stm32cube.ide.mcu.externaltools.gnu-tools-for-stm32.14.3.rel1.win32_1.0.100.202602081740/tools/bin/../lib/gcc/arm-none-eabi/14.3.1/thumb/v7e-m+fp/hard/crti.o
                0x080041d4                _fini
 .fini          0x080041d8        0x8 F:/programy/STM32CubeIDE/STM32CubeIDE_2.1.1/STM32CubeIDE/plugins/com.st.stm32cube.ide.mcu.externaltools.gnu-tools-for-stm32.14.3.rel1.win32_1.0.100.202602081740/tools/bin/../lib/gcc/arm-none-eabi/14.3.1/thumb/v7e-m+fp/hard/crtn.o
                0x080041e0                        . = ALIGN (0x4)
                0x080041e0                        _etext = .

.vfp11_veneer   0x080041e0        0x0
 .vfp11_veneer  0x080041e0        0x0 linker stubs

.v4_bx          0x080041e0        0x0
 .v4_bx         0x080041e0        0x0 linker stubs

.iplt           0x080041e0        0x0
 .iplt          0x080041e0        0x0 F:/programy/STM32CubeIDE/STM32CubeIDE_2.1.1/STM32CubeIDE/plugins/com.st.stm32cube.ide.mcu.externaltools.gnu-tools-for-stm32.14.3.rel1.win32_1.0.100.202602081740/tools/bin/../lib/gcc/arm-none-eabi/14.3.1/thumb/v7e-m+fp/hard/crtbegin.o

.rodata         0x080041e0       0x2c
                0x080041e0                        . = ALIGN (0x4)
 *(.rodata)
 *(.rodata*)
 .rodata.AHBPrescTable
                0x080041e0       0x10 ./Core/Src/system_stm32g4xx.o
                0x080041e0                AHBPrescTable
 .rodata.log10f.str1.4
                0x080041f0        0x1 F:/programy/STM32CubeIDE/STM32CubeIDE_2.1.1/STM32CubeIDE/plugins/com.st.stm32cube.ide.mcu.externaltools.gnu-tools-for-stm32.14.3.rel1.win32_1.0.100.202602081740/tools/bin/../lib/gcc/arm-none-eabi/14.3.1/../../../../arm-none-eabi/lib/thumb/v7e-m+fp/hard\libm.a(libm_a-wf_log10.o)
 *fill*         0x080041f1        0x3 
 .rodata.ln2LO  0x080041f4        0x8 F:/programy/STM32CubeIDE/STM32CubeIDE_2.1.1/STM32CubeIDE/plugins/com.st.stm32cube.ide.mcu.externaltools.gnu-tools-for-stm32.14.3.rel1.win32_1.0.100.202602081740/tools/bin/../lib/gcc/arm-none-eabi/14.3.1/../../../../arm-none-eabi/lib/thumb/v7e-m+fp/hard\libm.a(libm_a-ef_exp.o)
 .rodata.ln2HI  0x080041fc        0x8 F:/programy/STM32CubeIDE/STM32CubeIDE_2.1.1/STM32CubeIDE/plugins/com.st.stm32cube.ide.mcu.externaltools.gnu-tools-for-stm32.14.3.rel1.win32_1.0.100.202602081740/tools/bin/../lib/gcc/arm-none-eabi/14.3.1/../../../../arm-none-eabi/lib/thumb/v7e-m+fp/hard\libm.a(libm_a-ef_exp.o)
 .rodata.halF   0x08004204        0x8 F:/programy/STM32CubeIDE/STM32CubeIDE_2.1.1/STM32CubeIDE/plugins/com.st.stm32cube.ide.mcu.externaltools.gnu-tools-for-stm32.14.3.rel1.win32_1.0.100.202602081740/tools/bin/../lib/gcc/arm-none-eabi/14.3.1/../../../../arm-none-eabi/lib/thumb/v7e-m+fp/hard\libm.a(libm_a-ef_exp.o)
                0x0800420c                        . = ALIGN (0x4)

.ARM.extab      0x0800420c        0x0
                0x0800420c                        . = ALIGN (0x4)
 *(.ARM.extab* .gnu.linkonce.armextab.*)
                0x0800420c                        . = ALIGN (0x4)

.ARM            0x0800420c        0x0
                0x0800420c                        . = ALIGN (0x4)
                0x0800420c                        __exidx_start = .
 *(.ARM.exidx*)
                0x0800420c                        __exidx_end = .
                0x0800420c                        . = ALIGN (0x4)

.preinit_array  0x0800420c        0x0
                0x0800420c                        . = ALIGN (0x4)
                0x0800420c                        PROVIDE (__preinit_array_start = .)
 *(.preinit_array*)
                0x0800420c                        PROVIDE (__preinit_array_end = .)
                0x0800420c                        . = ALIGN (0x4)

.init_array     0x0800420c        0x4
                0x0800420c                        . = ALIGN (0x4)
                0x0800420c                        PROVIDE (__init_array_start = .)
 *(SORT_BY_NAME(.init_array.*))
 *(.init_array*)
 .init_array    0x0800420c        0x4 F:/programy/STM32CubeIDE/STM32CubeIDE_2.1.1/STM32CubeIDE/plugins/com.st.stm32cube.ide.mcu.externaltools.gnu-tools-for-stm32.14.3.rel1.win32_1.0.100.202602081740/tools/bin/../lib/gcc/arm-none-eabi/14.3.1/thumb/v7e-m+fp/hard/crtbegin.o
                0x08004210                        PROVIDE (__init_array_end = .)
                0x08004210                        . = ALIGN (0x4)

.fini_array     0x08004210        0x4
                0x08004210                        . = ALIGN (0x4)
                [!provide]                        PROVIDE (__fini_array_start = .)
 *(SORT_BY_NAME(.fini_array.*))
 *(.fini_array*)
 .fini_array    0x08004210        0x4 F:/programy/STM32CubeIDE/STM32CubeIDE_2.1.1/STM32CubeIDE/plugins/com.st.stm32cube.ide.mcu.externaltools.gnu-tools-for-stm32.14.3.rel1.win32_1.0.100.202602081740/tools/bin/../lib/gcc/arm-none-eabi/14.3.1/thumb/v7e-m+fp/hard/crtbegin.o
                [!provide]                        PROVIDE (__fini_array_end = .)
                0x08004214                        . = ALIGN (0x4)
                0x08004214                        _sidata = LOADADDR (.data)

.rel.dyn        0x08004214        0x0
 .rel.iplt      0x08004214        0x0 F:/programy/STM32CubeIDE/STM32CubeIDE_2.1.1/STM32CubeIDE/plugins/com.st.stm32cube.ide.mcu.externaltools.gnu-tools-for-stm32.14.3.rel1.win32_1.0.100.202602081740/tools/bin/../lib/gcc/arm-none-eabi/14.3.1/thumb/v7e-m+fp/hard/crtbegin.o

.data           0x20000000       0x5c load address 0x08004214
                0x20000000                        . = ALIGN (0x4)
                0x20000000                        _sdata = .
 *(.data)
 *(.data*)
 .data.SystemCoreClock
                0x20000000        0x4 ./Core/Src/system_stm32g4xx.o
                0x20000000                SystemCoreClock
 .data.uwTickPrio
                0x20000004        0x4 ./Drivers/STM32G4xx_HAL_Driver/Src/stm32g4xx_hal.o
                0x20000004                uwTickPrio
 .data.uwTickFreq
                0x20000008        0x4 ./Drivers/STM32G4xx_HAL_Driver/Src/stm32g4xx_hal.o
                0x20000008                uwTickFreq
 .data._impure_ptr
                0x2000000c        0x4 F:/programy/STM32CubeIDE/STM32CubeIDE_2.1.1/STM32CubeIDE/plugins/com.st.stm32cube.ide.mcu.externaltools.gnu-tools-for-stm32.14.3.rel1.win32_1.0.100.202602081740/tools/bin/../lib/gcc/arm-none-eabi/14.3.1/../../../../arm-none-eabi/lib/thumb/v7e-m+fp/hard\libc_nano.a(libc_a-impure.o)
                0x2000000c                _impure_ptr
 .data._impure_data
                0x20000010       0x4c F:/programy/STM32CubeIDE/STM32CubeIDE_2.1.1/STM32CubeIDE/plugins/com.st.stm32cube.ide.mcu.externaltools.gnu-tools-for-stm32.14.3.rel1.win32_1.0.100.202602081740/tools/bin/../lib/gcc/arm-none-eabi/14.3.1/../../../../arm-none-eabi/lib/thumb/v7e-m+fp/hard\libc_nano.a(libc_a-impure.o)
                0x20000010                _impure_data
 *(.RamFunc)
 *(.RamFunc*)
                0x2000005c                        . = ALIGN (0x4)
                0x2000005c                        _edata = .

.igot.plt       0x2000005c        0x0 load address 0x08004270
 .igot.plt      0x2000005c        0x0 F:/programy/STM32CubeIDE/STM32CubeIDE_2.1.1/STM32CubeIDE/plugins/com.st.stm32cube.ide.mcu.externaltools.gnu-tools-for-stm32.14.3.rel1.win32_1.0.100.202602081740/tools/bin/../lib/gcc/arm-none-eabi/14.3.1/thumb/v7e-m+fp/hard/crtbegin.o
                0x2000005c                        . = ALIGN (0x4)

.bss            0x2000005c      0x234 load address 0x08004270
                0x2000005c                        _sbss = .
                0x2000005c                        __bss_start__ = _sbss
 *(.bss)
 .bss           0x2000005c       0x1c F:/programy/STM32CubeIDE/STM32CubeIDE_2.1.1/STM32CubeIDE/plugins/com.st.stm32cube.ide.mcu.externaltools.gnu-tools-for-stm32.14.3.rel1.win32_1.0.100.202602081740/tools/bin/../lib/gcc/arm-none-eabi/14.3.1/thumb/v7e-m+fp/hard/crtbegin.o
 *(.bss*)
 .bss.hadc1     0x20000078       0x6c ./Core/Src/main.o
                0x20000078                hadc1
 .bss.hdma_adc1
                0x200000e4       0x60 ./Core/Src/main.o
                0x200000e4                hdma_adc1
 .bss.value     0x20000144        0x2 ./Core/Src/main.o
 *fill*         0x20000146        0x2 
 .bss.soil_moisture
                0x20000148        0x4 ./Core/Src/spx25.o
                0x20000148                soil_moisture
 .bss.soil_pH   0x2000014c        0x4 ./Core/Src/spx25.o
                0x2000014c                soil_pH
 .bss.soil_temp
                0x20000150        0x4 ./Core/Src/spx25.o
                0x20000150                soil_temp
 .bss.uwTick    0x20000154        0x4 ./Drivers/STM32G4xx_HAL_Driver/Src/stm32g4xx_hal.o
                0x20000154                uwTick
 .bss.__sf      0x20000158      0x138 F:/programy/STM32CubeIDE/STM32CubeIDE_2.1.1/STM32CubeIDE/plugins/com.st.stm32cube.ide.mcu.externaltools.gnu-tools-for-stm32.14.3.rel1.win32_1.0.100.202602081740/tools/bin/../lib/gcc/arm-none-eabi/14.3.1/../../../../arm-none-eabi/lib/thumb/v7e-m+fp/hard\libc_nano.a(libc_a-findfp.o)
                0x20000158                __sf
 *(COMMON)
                0x20000290                        . = ALIGN (0x4)
                0x20000290                        _ebss = .
                0x20000290                        __bss_end__ = _ebss

._user_heap_stack
                0x20000290      0x600 load address 0x08004270
                0x20000290                        . = ALIGN (0x8)
                [!provide]                        PROVIDE (end = .)
                0x20000290                        PROVIDE (_end = .)
                0x20000490                        . = (. + _Min_Heap_Size)
 *fill*         0x20000290      0x200 
                0x20000890                        . = (. + _Min_Stack_Size)
 *fill*         0x20000490      0x400 
                0x20000890                        . = ALIGN (0x8)

/DISCARD/
 libc.a(*)
 libm.a(*)
 libgcc.a(*)

.ARM.attributes
                0x00000000       0x30
 *(.ARM.attributes)
 .ARM.attributes
                0x00000000       0x22 F:/programy/STM32CubeIDE/STM32CubeIDE_2.1.1/STM32CubeIDE/plugins/com.st.stm32cube.ide.mcu.externaltools.gnu-tools-for-stm32.14.3.rel1.win32_1.0.100.202602081740/tools/bin/../lib/gcc/arm-none-eabi/14.3.1/thumb/v7e-m+fp/hard/crti.o
 .ARM.attributes
                0x00000022       0x34 F:/programy/STM32CubeIDE/STM32CubeIDE_2.1.1/STM32CubeIDE/plugins/com.st.stm32cube.ide.mcu.externaltools.gnu-tools-for-stm32.14.3.rel1.win32_1.0.100.202602081740/tools/bin/../lib/gcc/arm-none-eabi/14.3.1/thumb/v7e-m+fp/hard/crtbegin.o
 .ARM.attributes
                0x00000056       0x34 ./Core/Src/main.o
 .ARM.attributes
                0x0000008a       0x34 ./Core/Src/spx25.o
 .ARM.attributes
                0x000000be       0x34 ./Core/Src/stm32g4xx_hal_msp.o
 .ARM.attributes
                0x000000f2       0x34 ./Core/Src/stm32g4xx_it.o
 .ARM.attributes
                0x00000126       0x34 ./Core/Src/system_stm32g4xx.o
 .ARM.attributes
                0x0000015a       0x21 ./Core/Startup/startup_stm32g474retx.o
 .ARM.attributes
                0x0000017b       0x34 ./Drivers/STM32G4xx_HAL_Driver/Src/stm32g4xx_hal.o
 .ARM.attributes
                0x000001af       0x34 ./Drivers/STM32G4xx_HAL_Driver/Src/stm32g4xx_hal_adc.o
 .ARM.attributes
                0x000001e3       0x34 ./Drivers/STM32G4xx_HAL_Driver/Src/stm32g4xx_hal_adc_ex.o
 .ARM.attributes
                0x00000217       0x34 ./Drivers/STM32G4xx_HAL_Driver/Src/stm32g4xx_hal_cortex.o
 .ARM.attributes
                0x0000024b       0x34 ./Drivers/STM32G4xx_HAL_Driver/Src/stm32g4xx_hal_dma.o
 .ARM.attributes
                0x0000027f       0x34 ./Drivers/STM32G4xx_HAL_Driver/Src/stm32g4xx_hal_gpio.o
 .ARM.attributes
                0x000002b3       0x34 ./Drivers/STM32G4xx_HAL_Driver/Src/stm32g4xx_hal_pwr_ex.o
 .ARM.attributes
                0x000002e7       0x34 ./Drivers/STM32G4xx_HAL_Driver/Src/stm32g4xx_hal_rcc.o
 .ARM.attributes
                0x0000031b       0x34 ./Drivers/STM32G4xx_HAL_Driver/Src/stm32g4xx_hal_rcc_ex.o
 .ARM.attributes
                0x0000034f       0x34 F:/programy/STM32CubeIDE/STM32CubeIDE_2.1.1/STM32CubeIDE/plugins/com.st.stm32cube.ide.mcu.externaltools.gnu-tools-for-stm32.14.3.rel1.win32_1.0.100.202602081740/tools/bin/../lib/gcc/arm-none-eabi/14.3.1/../../../../arm-none-eabi/lib/thumb/v7e-m+fp/hard\libc_nano.a(libc_a-findfp.o)
 .ARM.attributes
                0x00000383       0x34 F:/programy/STM32CubeIDE/STM32CubeIDE_2.1.1/STM32CubeIDE/plugins/com.st.stm32cube.ide.mcu.externaltools.gnu-tools-for-stm32.14.3.rel1.win32_1.0.100.202602081740/tools/bin/../lib/gcc/arm-none-eabi/14.3.1/../../../../arm-none-eabi/lib/thumb/v7e-m+fp/hard\libc_nano.a(libc_a-memset.o)
 .ARM.attributes
                0x000003b7       0x34 F:/programy/STM32CubeIDE/STM32CubeIDE_2.1.1/STM32CubeIDE/plugins/com.st.stm32cube.ide.mcu.externaltools.gnu-tools-for-stm32.14.3.rel1.win32_1.0.100.202602081740/tools/bin/../lib/gcc/arm-none-eabi/14.3.1/../../../../arm-none-eabi/lib/thumb/v7e-m+fp/hard\libc_nano.a(libc_a-impure.o)
 .ARM.attributes
                0x000003eb       0x34 F:/programy/STM32CubeIDE/STM32CubeIDE_2.1.1/STM32CubeIDE/plugins/com.st.stm32cube.ide.mcu.externaltools.gnu-tools-for-stm32.14.3.rel1.win32_1.0.100.202602081740/tools/bin/../lib/gcc/arm-none-eabi/14.3.1/../../../../arm-none-eabi/lib/thumb/v7e-m+fp/hard\libc_nano.a(libc_a-errno.o)
 .ARM.attributes
                0x0000041f       0x34 F:/programy/STM32CubeIDE/STM32CubeIDE_2.1.1/STM32CubeIDE/plugins/com.st.stm32cube.ide.mcu.externaltools.gnu-tools-for-stm32.14.3.rel1.win32_1.0.100.202602081740/tools/bin/../lib/gcc/arm-none-eabi/14.3.1/../../../../arm-none-eabi/lib/thumb/v7e-m+fp/hard\libc_nano.a(libc_a-init.o)
 .ARM.attributes
                0x00000453       0x34 F:/programy/STM32CubeIDE/STM32CubeIDE_2.1.1/STM32CubeIDE/plugins/com.st.stm32cube.ide.mcu.externaltools.gnu-tools-for-stm32.14.3.rel1.win32_1.0.100.202602081740/tools/bin/../lib/gcc/arm-none-eabi/14.3.1/../../../../arm-none-eabi/lib/thumb/v7e-m+fp/hard\libm.a(libm_a-wf_exp.o)
 .ARM.attributes
                0x00000487       0x34 F:/programy/STM32CubeIDE/STM32CubeIDE_2.1.1/STM32CubeIDE/plugins/com.st.stm32cube.ide.mcu.externaltools.gnu-tools-for-stm32.14.3.rel1.win32_1.0.100.202602081740/tools/bin/../lib/gcc/arm-none-eabi/14.3.1/../../../../arm-none-eabi/lib/thumb/v7e-m+fp/hard\libm.a(libm_a-wf_log10.o)
 .ARM.attributes
                0x000004bb       0x34 F:/programy/STM32CubeIDE/STM32CubeIDE_2.1.1/STM32CubeIDE/plugins/com.st.stm32cube.ide.mcu.externaltools.gnu-tools-for-stm32.14.3.rel1.win32_1.0.100.202602081740/tools/bin/../lib/gcc/arm-none-eabi/14.3.1/../../../../arm-none-eabi/lib/thumb/v7e-m+fp/hard\libm.a(libm_a-sf_finite.o)
 .ARM.attributes
                0x000004ef       0x34 F:/programy/STM32CubeIDE/STM32CubeIDE_2.1.1/STM32CubeIDE/plugins/com.st.stm32cube.ide.mcu.externaltools.gnu-tools-for-stm32.14.3.rel1.win32_1.0.100.202602081740/tools/bin/../lib/gcc/arm-none-eabi/14.3.1/../../../../arm-none-eabi/lib/thumb/v7e-m+fp/hard\libm.a(libm_a-sf_nan.o)
 .ARM.attributes
                0x00000523       0x34 F:/programy/STM32CubeIDE/STM32CubeIDE_2.1.1/STM32CubeIDE/plugins/com.st.stm32cube.ide.mcu.externaltools.gnu-tools-for-stm32.14.3.rel1.win32_1.0.100.202602081740/tools/bin/../lib/gcc/arm-none-eabi/14.3.1/../../../../arm-none-eabi/lib/thumb/v7e-m+fp/hard\libm.a(libm_a-ef_exp.o)
 .ARM.attributes
                0x00000557       0x34 F:/programy/STM32CubeIDE/STM32CubeIDE_2.1.1/STM32CubeIDE/plugins/com.st.stm32cube.ide.mcu.externaltools.gnu-tools-for-stm32.14.3.rel1.win32_1.0.100.202602081740/tools/bin/../lib/gcc/arm-none-eabi/14.3.1/../../../../arm-none-eabi/lib/thumb/v7e-m+fp/hard\libm.a(libm_a-ef_log10.o)
 .ARM.attributes
                0x0000058b       0x34 F:/programy/STM32CubeIDE/STM32CubeIDE_2.1.1/STM32CubeIDE/plugins/com.st.stm32cube.ide.mcu.externaltools.gnu-tools-for-stm32.14.3.rel1.win32_1.0.100.202602081740/tools/bin/../lib/gcc/arm-none-eabi/14.3.1/../../../../arm-none-eabi/lib/thumb/v7e-m+fp/hard\libm.a(libm_a-math_errf.o)
 .ARM.attributes
                0x000005bf       0x34 F:/programy/STM32CubeIDE/STM32CubeIDE_2.1.1/STM32CubeIDE/plugins/com.st.stm32cube.ide.mcu.externaltools.gnu-tools-for-stm32.14.3.rel1.win32_1.0.100.202602081740/tools/bin/../lib/gcc/arm-none-eabi/14.3.1/../../../../arm-none-eabi/lib/thumb/v7e-m+fp/hard\libm.a(libm_a-ef_log.o)
 .ARM.attributes
                0x000005f3       0x22 F:/programy/STM32CubeIDE/STM32CubeIDE_2.1.1/STM32CubeIDE/plugins/com.st.stm32cube.ide.mcu.externaltools.gnu-tools-for-stm32.14.3.rel1.win32_1.0.100.202602081740/tools/bin/../lib/gcc/arm-none-eabi/14.3.1/thumb/v7e-m+fp/hard/crtn.o
OUTPUT(Sensor_SPX25.elf elf32-littlearm)
LOAD linker stubs
LOAD F:/programy/STM32CubeIDE/STM32CubeIDE_2.1.1/STM32CubeIDE/plugins/com.st.stm32cube.ide.mcu.externaltools.gnu-tools-for-stm32.14.3.rel1.win32_1.0.100.202602081740/tools/bin/../lib/gcc/arm-none-eabi/14.3.1/../../../../arm-none-eabi/lib/thumb/v7e-m+fp/hard\libc.a
LOAD F:/programy/STM32CubeIDE/STM32CubeIDE_2.1.1/STM32CubeIDE/plugins/com.st.stm32cube.ide.mcu.externaltools.gnu-tools-for-stm32.14.3.rel1.win32_1.0.100.202602081740/tools/bin/../lib/gcc/arm-none-eabi/14.3.1/../../../../arm-none-eabi/lib/thumb/v7e-m+fp/hard\libm.a
LOAD F:/programy/STM32CubeIDE/STM32CubeIDE_2.1.1/STM32CubeIDE/plugins/com.st.stm32cube.ide.mcu.externaltools.gnu-tools-for-stm32.14.3.rel1.win32_1.0.100.202602081740/tools/bin/../lib/gcc/arm-none-eabi/14.3.1/thumb/v7e-m+fp/hard\libgcc.a

.debug_info     0x00000000     0xb251
 .debug_info    0x00000000     0x11a9 ./Core/Src/main.o
 .debug_info    0x000011a9      0x294 ./Core/Src/spx25.o
 .debug_info    0x0000143d      0xe67 ./Core/Src/stm32g4xx_hal_msp.o
 .debug_info    0x000022a4      0x113 ./Core/Src/stm32g4xx_it.o
 .debug_info    0x000023b7      0x58e ./Core/Src/system_stm32g4xx.o
 .debug_info    0x00002945       0x30 ./Core/Startup/startup_stm32g474retx.o
 .debug_info    0x00002975      0xb95 ./Drivers/STM32G4xx_HAL_Driver/Src/stm32g4xx_hal.o
 .debug_info    0x0000350a     0x2063 ./Drivers/STM32G4xx_HAL_Driver/Src/stm32g4xx_hal_adc.o
 .debug_info    0x0000556d     0x1d80 ./Drivers/STM32G4xx_HAL_Driver/Src/stm32g4xx_hal_adc_ex.o
 .debug_info    0x000072ed      0xdf9 ./Drivers/STM32G4xx_HAL_Driver/Src/stm32g4xx_hal_cortex.o
 .debug_info    0x000080e6      0x85f ./Drivers/STM32G4xx_HAL_Driver/Src/stm32g4xx_hal_dma.o
 .debug_info    0x00008945      0x772 ./Drivers/STM32G4xx_HAL_Driver/Src/stm32g4xx_hal_gpio.o
 .debug_info    0x000090b7      0x944 ./Drivers/STM32G4xx_HAL_Driver/Src/stm32g4xx_hal_pwr_ex.o
 .debug_info    0x000099fb      0xbf9 ./Drivers/STM32G4xx_HAL_Driver/Src/stm32g4xx_hal_rcc.o
 .debug_info    0x0000a5f4      0xc5d ./Drivers/STM32G4xx_HAL_Driver/Src/stm32g4xx_hal_rcc_ex.o

.debug_abbrev   0x00000000     0x1df6
 .debug_abbrev  0x00000000      0x299 ./Core/Src/main.o
 .debug_abbrev  0x00000299      0x15e ./Core/Src/spx25.o
 .debug_abbrev  0x000003f7      0x1f6 ./Core/Src/stm32g4xx_hal_msp.o
 .debug_abbrev  0x000005ed       0x73 ./Core/Src/stm32g4xx_it.o
 .debug_abbrev  0x00000660      0x11a ./Core/Src/system_stm32g4xx.o
 .debug_abbrev  0x0000077a       0x24 ./Core/Startup/startup_stm32g474retx.o
 .debug_abbrev  0x0000079e      0x271 ./Drivers/STM32G4xx_HAL_Driver/Src/stm32g4xx_hal.o
 .debug_abbrev  0x00000a0f      0x2d3 ./Drivers/STM32G4xx_HAL_Driver/Src/stm32g4xx_hal_adc.o
 .debug_abbrev  0x00000ce2      0x2ee ./Drivers/STM32G4xx_HAL_Driver/Src/stm32g4xx_hal_adc_ex.o
 .debug_abbrev  0x00000fd0      0x31c ./Drivers/STM32G4xx_HAL_Driver/Src/stm32g4xx_hal_cortex.o
 .debug_abbrev  0x000012ec      0x1e2 ./Drivers/STM32G4xx_HAL_Driver/Src/stm32g4xx_hal_dma.o
 .debug_abbrev  0x000014ce      0x1d2 ./Drivers/STM32G4xx_HAL_Driver/Src/stm32g4xx_hal_gpio.o
 .debug_abbrev  0x000016a0      0x22c ./Drivers/STM32G4xx_HAL_Driver/Src/stm32g4xx_hal_pwr_ex.o
 .debug_abbrev  0x000018cc      0x2c9 ./Drivers/STM32G4xx_HAL_Driver/Src/stm32g4xx_hal_rcc.o
 .debug_abbrev  0x00001b95      0x261 ./Drivers/STM32G4xx_HAL_Driver/Src/stm32g4xx_hal_rcc_ex.o

.debug_aranges  0x00000000      0xb38
 .debug_aranges
                0x00000000       0x48 ./Core/Src/main.o
 .debug_aranges
                0x00000048       0x28 ./Core/Src/spx25.o
 .debug_aranges
                0x00000070       0x30 ./Core/Src/stm32g4xx_hal_msp.o
 .debug_aranges
                0x000000a0       0x60 ./Core/Src/stm32g4xx_it.o
 .debug_aranges
                0x00000100       0x28 ./Core/Src/system_stm32g4xx.o
 .debug_aranges
                0x00000128       0x28 ./Core/Startup/startup_stm32g474retx.o
 .debug_aranges
                0x00000150      0x148 ./Drivers/STM32G4xx_HAL_Driver/Src/stm32g4xx_hal.o
 .debug_aranges
                0x00000298      0x248 ./Drivers/STM32G4xx_HAL_Driver/Src/stm32g4xx_hal_adc.o
 .debug_aranges
                0x000004e0      0x1c0 ./Drivers/STM32G4xx_HAL_Driver/Src/stm32g4xx_hal_adc_ex.o
 .debug_aranges
                0x000006a0      0x128 ./Drivers/STM32G4xx_HAL_Driver/Src/stm32g4xx_hal_cortex.o
 .debug_aranges
                0x000007c8       0x90 ./Drivers/STM32G4xx_HAL_Driver/Src/stm32g4xx_hal_dma.o
 .debug_aranges
                0x00000858       0x58 ./Drivers/STM32G4xx_HAL_Driver/Src/stm32g4xx_hal_gpio.o
 .debug_aranges
                0x000008b0      0x140 ./Drivers/STM32G4xx_HAL_Driver/Src/stm32g4xx_hal_pwr_ex.o
 .debug_aranges
                0x000009f0       0x98 ./Drivers/STM32G4xx_HAL_Driver/Src/stm32g4xx_hal_rcc.o
 .debug_aranges
                0x00000a88       0xb0 ./Drivers/STM32G4xx_HAL_Driver/Src/stm32g4xx_hal_rcc_ex.o

.debug_rnglists
                0x00000000      0x867
 .debug_rnglists
                0x00000000       0x35 ./Core/Src/main.o
 .debug_rnglists
                0x00000035       0x1a ./Core/Src/spx25.o
 .debug_rnglists
                0x0000004f       0x20 ./Core/Src/stm32g4xx_hal_msp.o
 .debug_rnglists
                0x0000006f       0x43 ./Core/Src/stm32g4xx_it.o
 .debug_rnglists
                0x000000b2       0x1a ./Core/Src/system_stm32g4xx.o
 .debug_rnglists
                0x000000cc       0x19 ./Core/Startup/startup_stm32g474retx.o
 .debug_rnglists
                0x000000e5       0xf1 ./Drivers/STM32G4xx_HAL_Driver/Src/stm32g4xx_hal.o
 .debug_rnglists
                0x000001d6      0x1c0 ./Drivers/STM32G4xx_HAL_Driver/Src/stm32g4xx_hal_adc.o
 .debug_rnglists
                0x00000396      0x15a ./Drivers/STM32G4xx_HAL_Driver/Src/stm32g4xx_hal_adc_ex.o
 .debug_rnglists
                0x000004f0       0xda ./Drivers/STM32G4xx_HAL_Driver/Src/stm32g4xx_hal_cortex.o
 .debug_rnglists
                0x000005ca       0x72 ./Drivers/STM32G4xx_HAL_Driver/Src/stm32g4xx_hal_dma.o
 .debug_rnglists
                0x0000063c       0x3f ./Drivers/STM32G4xx_HAL_Driver/Src/stm32g4xx_hal_gpio.o
 .debug_rnglists
                0x0000067b       0xf1 ./Drivers/STM32G4xx_HAL_Driver/Src/stm32g4xx_hal_pwr_ex.o
 .debug_rnglists
                0x0000076c       0x74 ./Drivers/STM32G4xx_HAL_Driver/Src/stm32g4xx_hal_rcc.o
 .debug_rnglists
                0x000007e0       0x87 ./Drivers/STM32G4xx_HAL_Driver/Src/stm32g4xx_hal_rcc_ex.o

.debug_macro    0x00000000    0x26230
 .debug_macro   0x00000000      0x1e0 ./Core/Src/main.o
 .debug_macro   0x000001e0      0xad8 ./Core/Src/main.o
 .debug_macro   0x00000cb8      0x155 ./Core/Src/main.o
 .debug_macro   0x00000e0d       0x2e ./Core/Src/main.o
 .debug_macro   0x00000e3b       0x28 ./Core/Src/main.o
 .debug_macro   0x00000e63       0x22 ./Core/Src/main.o
 .debug_macro   0x00000e85       0x8e ./Core/Src/main.o
 .debug_macro   0x00000f13       0x51 ./Core/Src/main.o
 .debug_macro   0x00000f64      0x103 ./Core/Src/main.o
 .debug_macro   0x00001067       0x6a ./Core/Src/main.o
 .debug_macro   0x000010d1      0x1df ./Core/Src/main.o
 .debug_macro   0x000012b0       0x1c ./Core/Src/main.o
 .debug_macro   0x000012cc       0x22 ./Core/Src/main.o
 .debug_macro   0x000012ee       0xfb ./Core/Src/main.o
 .debug_macro   0x000013e9     0x1011 ./Core/Src/main.o
 .debug_macro   0x000023fa      0x11f ./Core/Src/main.o
 .debug_macro   0x00002519    0x18b8c ./Core/Src/main.o
 .debug_macro   0x0001b0a5       0x6d ./Core/Src/main.o
 .debug_macro   0x0001b112     0x3558 ./Core/Src/main.o
 .debug_macro   0x0001e66a      0x190 ./Core/Src/main.o
 .debug_macro   0x0001e7fa       0x5c ./Core/Src/main.o
 .debug_macro   0x0001e856     0x171f ./Core/Src/main.o
 .debug_macro   0x0001ff75      0x600 ./Core/Src/main.o
 .debug_macro   0x00020575      0x1b6 ./Core/Src/main.o
 .debug_macro   0x0002072b      0x34a ./Core/Src/main.o
 .debug_macro   0x00020a75      0x53c ./Core/Src/main.o
 .debug_macro   0x00020fb1      0x18b ./Core/Src/main.o
 .debug_macro   0x0002113c       0x43 ./Core/Src/main.o
 .debug_macro   0x0002117f      0x23d ./Core/Src/main.o
 .debug_macro   0x000213bc     0x1111 ./Core/Src/main.o
 .debug_macro   0x000224cd      0x72e ./Core/Src/main.o
 .debug_macro   0x00022bfb      0x391 ./Core/Src/main.o
 .debug_macro   0x00022f8c      0x211 ./Core/Src/main.o
 .debug_macro   0x0002319d      0x45c ./Core/Src/main.o
 .debug_macro   0x000235f9      0x11c ./Core/Src/main.o
 .debug_macro   0x00023715      0x122 ./Core/Src/main.o
 .debug_macro   0x00023837      0x3d1 ./Core/Src/main.o
 .debug_macro   0x00023c08      0x358 ./Core/Src/main.o
 .debug_macro   0x00023f60       0x40 ./Core/Src/main.o
 .debug_macro   0x00023fa0      0x2c3 ./Core/Src/spx25.o
 .debug_macro   0x00024263       0x61 ./Core/Src/spx25.o
 .debug_macro   0x000242c4       0x2a ./Core/Src/spx25.o
 .debug_macro   0x000242ee       0x43 ./Core/Src/spx25.o
 .debug_macro   0x00024331       0x34 ./Core/Src/spx25.o
 .debug_macro   0x00024365      0x364 ./Core/Src/spx25.o
 .debug_macro   0x000246c9       0x16 ./Core/Src/spx25.o
 .debug_macro   0x000246df       0x4a ./Core/Src/spx25.o
 .debug_macro   0x00024729       0x34 ./Core/Src/spx25.o
 .debug_macro   0x0002475d       0x10 ./Core/Src/spx25.o
 .debug_macro   0x0002476d       0x58 ./Core/Src/spx25.o
 .debug_macro   0x000247c5       0x8e ./Core/Src/spx25.o
 .debug_macro   0x00024853       0x1c ./Core/Src/spx25.o
 .debug_macro   0x0002486f      0x17e ./Core/Src/spx25.o
 .debug_macro   0x000249ed      0x19b ./Core/Src/spx25.o
 .debug_macro   0x00024b88      0x1d8 ./Core/Src/stm32g4xx_hal_msp.o
 .debug_macro   0x00024d60      0x1e2 ./Core/Src/stm32g4xx_it.o
 .debug_macro   0x00024f42      0x1c9 ./Core/Src/system_stm32g4xx.o
 .debug_macro   0x0002510b      0x217 ./Drivers/STM32G4xx_HAL_Driver/Src/stm32g4xx_hal.o
 .debug_macro   0x00025322      0x1e6 ./Drivers/STM32G4xx_HAL_Driver/Src/stm32g4xx_hal_adc.o
 .debug_macro   0x00025508      0x1d5 ./Drivers/STM32G4xx_HAL_Driver/Src/stm32g4xx_hal_adc_ex.o
 .debug_macro   0x000256dd      0x1c9 ./Drivers/STM32G4xx_HAL_Driver/Src/stm32g4xx_hal_cortex.o
 .debug_macro   0x000258a6      0x1c9 ./Drivers/STM32G4xx_HAL_Driver/Src/stm32g4xx_hal_dma.o
 .debug_macro   0x00025a6f      0x1d0 ./Drivers/STM32G4xx_HAL_Driver/Src/stm32g4xx_hal_gpio.o
 .debug_macro   0x00025c3f      0x1f3 ./Drivers/STM32G4xx_HAL_Driver/Src/stm32g4xx_hal_pwr_ex.o
 .debug_macro   0x00025e32      0x20b ./Drivers/STM32G4xx_HAL_Driver/Src/stm32g4xx_hal_rcc.o
 .debug_macro   0x0002603d      0x1f3 ./Drivers/STM32G4xx_HAL_Driver/Src/stm32g4xx_hal_rcc_ex.o

.debug_line     0x00000000     0xd427
 .debug_line    0x00000000      0x9c0 ./Core/Src/main.o
 .debug_line    0x000009c0      0xa8f ./Core/Src/spx25.o
 .debug_line    0x0000144f      0x87b ./Core/Src/stm32g4xx_hal_msp.o
 .debug_line    0x00001cca      0x8a0 ./Core/Src/stm32g4xx_it.o
 .debug_line    0x0000256a      0x85e ./Core/Src/system_stm32g4xx.o
 .debug_line    0x00002dc8       0x7b ./Core/Startup/startup_stm32g474retx.o
 .debug_line    0x00002e43      0xc2d ./Drivers/STM32G4xx_HAL_Driver/Src/stm32g4xx_hal.o
 .debug_line    0x00003a70     0x2303 ./Drivers/STM32G4xx_HAL_Driver/Src/stm32g4xx_hal_adc.o
 .debug_line    0x00005d73     0x1c77 ./Drivers/STM32G4xx_HAL_Driver/Src/stm32g4xx_hal_adc_ex.o
 .debug_line    0x000079ea      0xd8f ./Drivers/STM32G4xx_HAL_Driver/Src/stm32g4xx_hal_cortex.o
 .debug_line    0x00008779      0xf3f ./Drivers/STM32G4xx_HAL_Driver/Src/stm32g4xx_hal_dma.o
 .debug_line    0x000096b8      0xc16 ./Drivers/STM32G4xx_HAL_Driver/Src/stm32g4xx_hal_gpio.o
 .debug_line    0x0000a2ce      0xd89 ./Drivers/STM32G4xx_HAL_Driver/Src/stm32g4xx_hal_pwr_ex.o
 .debug_line    0x0000b057     0x10ad ./Drivers/STM32G4xx_HAL_Driver/Src/stm32g4xx_hal_rcc.o
 .debug_line    0x0000c104     0x1323 ./Drivers/STM32G4xx_HAL_Driver/Src/stm32g4xx_hal_rcc_ex.o

.debug_str      0x00000000    0xf9ea5
 .debug_str     0x00000000    0xf9ea5 ./Core/Src/main.o
                              0xf3455 (size before relaxing)
 .debug_str     0x000f9ea5    0xf63a2 ./Core/Src/spx25.o
 .debug_str     0x000f9ea5    0xf330b ./Core/Src/stm32g4xx_hal_msp.o
 .debug_str     0x000f9ea5    0xf29aa ./Core/Src/stm32g4xx_it.o
 .debug_str     0x000f9ea5    0xf2a45 ./Core/Src/system_stm32g4xx.o
 .debug_str     0x000f9ea5       0x69 ./Core/Startup/startup_stm32g474retx.o
 .debug_str     0x000f9ea5    0xf3757 ./Drivers/STM32G4xx_HAL_Driver/Src/stm32g4xx_hal.o
 .debug_str     0x000f9ea5    0xf3a72 ./Drivers/STM32G4xx_HAL_Driver/Src/stm32g4xx_hal_adc.o
 .debug_str     0x000f9ea5    0xf3a18 ./Drivers/STM32G4xx_HAL_Driver/Src/stm32g4xx_hal_adc_ex.o
 .debug_str     0x000f9ea5    0xf3413 ./Drivers/STM32G4xx_HAL_Driver/Src/stm32g4xx_hal_cortex.o
 .debug_str     0x000f9ea5    0xf2e1f ./Drivers/STM32G4xx_HAL_Driver/Src/stm32g4xx_hal_dma.o
 .debug_str     0x000f9ea5    0xf2bd0 ./Drivers/STM32G4xx_HAL_Driver/Src/stm32g4xx_hal_gpio.o
 .debug_str     0x000f9ea5    0xf2f33 ./Drivers/STM32G4xx_HAL_Driver/Src/stm32g4xx_hal_pwr_ex.o
 .debug_str     0x000f9ea5    0xf3164 ./Drivers/STM32G4xx_HAL_Driver/Src/stm32g4xx_hal_rcc.o
 .debug_str     0x000f9ea5    0xf318e ./Drivers/STM32G4xx_HAL_Driver/Src/stm32g4xx_hal_rcc_ex.o

.comment        0x00000000       0x43
 .comment       0x00000000       0x43 ./Core/Src/main.o
                                 0x44 (size before relaxing)
 .comment       0x00000043       0x44 ./Core/Src/spx25.o
 .comment       0x00000043       0x44 ./Core/Src/stm32g4xx_hal_msp.o
 .comment       0x00000043       0x44 ./Core/Src/stm32g4xx_it.o
 .comment       0x00000043       0x44 ./Core/Src/system_stm32g4xx.o
 .comment       0x00000043       0x44 ./Drivers/STM32G4xx_HAL_Driver/Src/stm32g4xx_hal.o
 .comment       0x00000043       0x44 ./Drivers/STM32G4xx_HAL_Driver/Src/stm32g4xx_hal_adc.o
 .comment       0x00000043       0x44 ./Drivers/STM32G4xx_HAL_Driver/Src/stm32g4xx_hal_adc_ex.o
 .comment       0x00000043       0x44 ./Drivers/STM32G4xx_HAL_Driver/Src/stm32g4xx_hal_cortex.o
 .comment       0x00000043       0x44 ./Drivers/STM32G4xx_HAL_Driver/Src/stm32g4xx_hal_dma.o
 .comment       0x00000043       0x44 ./Drivers/STM32G4xx_HAL_Driver/Src/stm32g4xx_hal_gpio.o
 .comment       0x00000043       0x44 ./Drivers/STM32G4xx_HAL_Driver/Src/stm32g4xx_hal_pwr_ex.o
 .comment       0x00000043       0x44 ./Drivers/STM32G4xx_HAL_Driver/Src/stm32g4xx_hal_rcc.o
 .comment       0x00000043       0x44 ./Drivers/STM32G4xx_HAL_Driver/Src/stm32g4xx_hal_rcc_ex.o

.debug_frame    0x00000000     0x2da4
 .debug_frame   0x00000000       0xd8 ./Core/Src/main.o
 .debug_frame   0x000000d8       0x58 ./Core/Src/spx25.o
 .debug_frame   0x00000130       0x80 ./Core/Src/stm32g4xx_hal_msp.o
 .debug_frame   0x000001b0       0xf8 ./Core/Src/stm32g4xx_it.o
 .debug_frame   0x000002a8       0x50 ./Core/Src/system_stm32g4xx.o
 .debug_frame   0x000002f8      0x480 ./Drivers/STM32G4xx_HAL_Driver/Src/stm32g4xx_hal.o
 .debug_frame   0x00000778      0xa00 ./Drivers/STM32G4xx_HAL_Driver/Src/stm32g4xx_hal_adc.o
 .debug_frame   0x00001178      0x798 ./Drivers/STM32G4xx_HAL_Driver/Src/stm32g4xx_hal_adc_ex.o
 .debug_frame   0x00001910      0x49c ./Drivers/STM32G4xx_HAL_Driver/Src/stm32g4xx_hal_cortex.o
 .debug_frame   0x00001dac      0x22c ./Drivers/STM32G4xx_HAL_Driver/Src/stm32g4xx_hal_dma.o
 .debug_frame   0x00001fd8      0x130 ./Drivers/STM32G4xx_HAL_Driver/Src/stm32g4xx_hal_gpio.o
 .debug_frame   0x00002108      0x46c ./Drivers/STM32G4xx_HAL_Driver/Src/stm32g4xx_hal_pwr_ex.o
 .debug_frame   0x00002574      0x218 ./Drivers/STM32G4xx_HAL_Driver/Src/stm32g4xx_hal_rcc.o
 .debug_frame   0x0000278c      0x27c ./Drivers/STM32G4xx_HAL_Driver/Src/stm32g4xx_hal_rcc_ex.o
 .debug_frame   0x00002a08      0x144 F:/programy/STM32CubeIDE/STM32CubeIDE_2.1.1/STM32CubeIDE/plugins/com.st.stm32cube.ide.mcu.externaltools.gnu-tools-for-stm32.14.3.rel1.win32_1.0.100.202602081740/tools/bin/../lib/gcc/arm-none-eabi/14.3.1/../../../../arm-none-eabi/lib/thumb/v7e-m+fp/hard\libc_nano.a(libc_a-findfp.o)
 .debug_frame   0x00002b4c       0x20 F:/programy/STM32CubeIDE/STM32CubeIDE_2.1.1/STM32CubeIDE/plugins/com.st.stm32cube.ide.mcu.externaltools.gnu-tools-for-stm32.14.3.rel1.win32_1.0.100.202602081740/tools/bin/../lib/gcc/arm-none-eabi/14.3.1/../../../../arm-none-eabi/lib/thumb/v7e-m+fp/hard\libc_nano.a(libc_a-memset.o)
 .debug_frame   0x00002b6c       0x20 F:/programy/STM32CubeIDE/STM32CubeIDE_2.1.1/STM32CubeIDE/plugins/com.st.stm32cube.ide.mcu.externaltools.gnu-tools-for-stm32.14.3.rel1.win32_1.0.100.202602081740/tools/bin/../lib/gcc/arm-none-eabi/14.3.1/../../../../arm-none-eabi/lib/thumb/v7e-m+fp/hard\libc_nano.a(libc_a-errno.o)
 .debug_frame   0x00002b8c       0x2c F:/programy/STM32CubeIDE/STM32CubeIDE_2.1.1/STM32CubeIDE/plugins/com.st.stm32cube.ide.mcu.externaltools.gnu-tools-for-stm32.14.3.rel1.win32_1.0.100.202602081740/tools/bin/../lib/gcc/arm-none-eabi/14.3.1/../../../../arm-none-eabi/lib/thumb/v7e-m+fp/hard\libc_nano.a(libc_a-init.o)
 .debug_frame   0x00002bb8       0x44 F:/programy/STM32CubeIDE/STM32CubeIDE_2.1.1/STM32CubeIDE/plugins/com.st.stm32cube.ide.mcu.externaltools.gnu-tools-for-stm32.14.3.rel1.win32_1.0.100.202602081740/tools/bin/../lib/gcc/arm-none-eabi/14.3.1/../../../../arm-none-eabi/lib/thumb/v7e-m+fp/hard\libm.a(libm_a-wf_exp.o)
 .debug_frame   0x00002bfc       0x48 F:/programy/STM32CubeIDE/STM32CubeIDE_2.1.1/STM32CubeIDE/plugins/com.st.stm32cube.ide.mcu.externaltools.gnu-tools-for-stm32.14.3.rel1.win32_1.0.100.202602081740/tools/bin/../lib/gcc/arm-none-eabi/14.3.1/../../../../arm-none-eabi/lib/thumb/v7e-m+fp/hard\libm.a(libm_a-wf_log10.o)
 .debug_frame   0x00002c44       0x20 F:/programy/STM32CubeIDE/STM32CubeIDE_2.1.1/STM32CubeIDE/plugins/com.st.stm32cube.ide.mcu.externaltools.gnu-tools-for-stm32.14.3.rel1.win32_1.0.100.202602081740/tools/bin/../lib/gcc/arm-none-eabi/14.3.1/../../../../arm-none-eabi/lib/thumb/v7e-m+fp/hard\libm.a(libm_a-sf_finite.o)
 .debug_frame   0x00002c64       0x20 F:/programy/STM32CubeIDE/STM32CubeIDE_2.1.1/STM32CubeIDE/plugins/com.st.stm32cube.ide.mcu.externaltools.gnu-tools-for-stm32.14.3.rel1.win32_1.0.100.202602081740/tools/bin/../lib/gcc/arm-none-eabi/14.3.1/../../../../arm-none-eabi/lib/thumb/v7e-m+fp/hard\libm.a(libm_a-sf_nan.o)
 .debug_frame   0x00002c84       0x20 F:/programy/STM32CubeIDE/STM32CubeIDE_2.1.1/STM32CubeIDE/plugins/com.st.stm32cube.ide.mcu.externaltools.gnu-tools-for-stm32.14.3.rel1.win32_1.0.100.202602081740/tools/bin/../lib/gcc/arm-none-eabi/14.3.1/../../../../arm-none-eabi/lib/thumb/v7e-m+fp/hard\libm.a(libm_a-ef_exp.o)
 .debug_frame   0x00002ca4       0x58 F:/programy/STM32CubeIDE/STM32CubeIDE_2.1.1/STM32CubeIDE/plugins/com.st.stm32cube.ide.mcu.externaltools.gnu-tools-for-stm32.14.3.rel1.win32_1.0.100.202602081740/tools/bin/../lib/gcc/arm-none-eabi/14.3.1/../../../../arm-none-eabi/lib/thumb/v7e-m+fp/hard\libm.a(libm_a-ef_log10.o)
 .debug_frame   0x00002cfc       0x88 F:/programy/STM32CubeIDE/STM32CubeIDE_2.1.1/STM32CubeIDE/plugins/com.st.stm32cube.ide.mcu.externaltools.gnu-tools-for-stm32.14.3.rel1.win32_1.0.100.202602081740/tools/bin/../lib/gcc/arm-none-eabi/14.3.1/../../../../arm-none-eabi/lib/thumb/v7e-m+fp/hard\libm.a(libm_a-math_errf.o)
 .debug_frame   0x00002d84       0x20 F:/programy/STM32CubeIDE/STM32CubeIDE_2.1.1/STM32CubeIDE/plugins/com.st.stm32cube.ide.mcu.externaltools.gnu-tools-for-stm32.14.3.rel1.win32_1.0.100.202602081740/tools/bin/../lib/gcc/arm-none-eabi/14.3.1/../../../../arm-none-eabi/lib/thumb/v7e-m+fp/hard\libm.a(libm_a-ef_log.o)

.debug_line_str
                0x00000000       0x4d
 .debug_line_str
                0x00000000       0x4d ./Core/Startup/startup_stm32g474retx.o
