Archive member included to satisfy reference by file (symbol)

F:/programy/STM32CubeIDE/STM32CubeIDE_2.1.1/STM32CubeIDE/plugins/com.st.stm32cube.ide.mcu.externaltools.gnu-tools-for-stm32.14.3.rel1.win32_1.0.100.202602081740/tools/bin/../lib/gcc/arm-none-eabi/14.3.1/../../../../arm-none-eabi/lib/thumb/v7e-m+fp/hard\libc_nano.a(libc_a-exit.o)
                              F:/programy/STM32CubeIDE/STM32CubeIDE_2.1.1/STM32CubeIDE/plugins/com.st.stm32cube.ide.mcu.externaltools.gnu-tools-for-stm32.14.3.rel1.win32_1.0.100.202602081740/tools/bin/../lib/gcc/arm-none-eabi/14.3.1/../../../../arm-none-eabi/lib/thumb/v7e-m+fp/hard/crt0.o (exit)
F:/programy/STM32CubeIDE/STM32CubeIDE_2.1.1/STM32CubeIDE/plugins/com.st.stm32cube.ide.mcu.externaltools.gnu-tools-for-stm32.14.3.rel1.win32_1.0.100.202602081740/tools/bin/../lib/gcc/arm-none-eabi/14.3.1/../../../../arm-none-eabi/lib/thumb/v7e-m+fp/hard\libc_nano.a(libc_a-findfp.o)
                              F:/programy/STM32CubeIDE/STM32CubeIDE_2.1.1/STM32CubeIDE/plugins/com.st.stm32cube.ide.mcu.externaltools.gnu-tools-for-stm32.14.3.rel1.win32_1.0.100.202602081740/tools/bin/../lib/gcc/arm-none-eabi/14.3.1/../../../../arm-none-eabi/lib/thumb/v7e-m+fp/hard\libc_nano.a(libc_a-exit.o) (__stdio_exit_handler)
F:/programy/STM32CubeIDE/STM32CubeIDE_2.1.1/STM32CubeIDE/plugins/com.st.stm32cube.ide.mcu.externaltools.gnu-tools-for-stm32.14.3.rel1.win32_1.0.100.202602081740/tools/bin/../lib/gcc/arm-none-eabi/14.3.1/../../../../arm-none-eabi/lib/thumb/v7e-m+fp/hard\libc_nano.a(libc_a-fwalk.o)
                              F:/programy/STM32CubeIDE/STM32CubeIDE_2.1.1/STM32CubeIDE/plugins/com.st.stm32cube.ide.mcu.externaltools.gnu-tools-for-stm32.14.3.rel1.win32_1.0.100.202602081740/tools/bin/../lib/gcc/arm-none-eabi/14.3.1/../../../../arm-none-eabi/lib/thumb/v7e-m+fp/hard\libc_nano.a(libc_a-findfp.o) (_fwalk_sglue)
F:/programy/STM32CubeIDE/STM32CubeIDE_2.1.1/STM32CubeIDE/plugins/com.st.stm32cube.ide.mcu.externaltools.gnu-tools-for-stm32.14.3.rel1.win32_1.0.100.202602081740/tools/bin/../lib/gcc/arm-none-eabi/14.3.1/../../../../arm-none-eabi/lib/thumb/v7e-m+fp/hard\libc_nano.a(libc_a-stdio.o)
                              F:/programy/STM32CubeIDE/STM32CubeIDE_2.1.1/STM32CubeIDE/plugins/com.st.stm32cube.ide.mcu.externaltools.gnu-tools-for-stm32.14.3.rel1.win32_1.0.100.202602081740/tools/bin/../lib/gcc/arm-none-eabi/14.3.1/../../../../arm-none-eabi/lib/thumb/v7e-m+fp/hard\libc_nano.a(libc_a-findfp.o) (__sread)
F:/programy/STM32CubeIDE/STM32CubeIDE_2.1.1/STM32CubeIDE/plugins/com.st.stm32cube.ide.mcu.externaltools.gnu-tools-for-stm32.14.3.rel1.win32_1.0.100.202602081740/tools/bin/../lib/gcc/arm-none-eabi/14.3.1/../../../../arm-none-eabi/lib/thumb/v7e-m+fp/hard\libc_nano.a(libc_a-memset.o)
                              F:/programy/STM32CubeIDE/STM32CubeIDE_2.1.1/STM32CubeIDE/plugins/com.st.stm32cube.ide.mcu.externaltools.gnu-tools-for-stm32.14.3.rel1.win32_1.0.100.202602081740/tools/bin/../lib/gcc/arm-none-eabi/14.3.1/../../../../arm-none-eabi/lib/thumb/v7e-m+fp/hard/crt0.o (memset)
F:/programy/STM32CubeIDE/STM32CubeIDE_2.1.1/STM32CubeIDE/plugins/com.st.stm32cube.ide.mcu.externaltools.gnu-tools-for-stm32.14.3.rel1.win32_1.0.100.202602081740/tools/bin/../lib/gcc/arm-none-eabi/14.3.1/../../../../arm-none-eabi/lib/thumb/v7e-m+fp/hard\libc_nano.a(libc_a-closer.o)
                              F:/programy/STM32CubeIDE/STM32CubeIDE_2.1.1/STM32CubeIDE/plugins/com.st.stm32cube.ide.mcu.externaltools.gnu-tools-for-stm32.14.3.rel1.win32_1.0.100.202602081740/tools/bin/../lib/gcc/arm-none-eabi/14.3.1/../../../../arm-none-eabi/lib/thumb/v7e-m+fp/hard\libc_nano.a(libc_a-stdio.o) (_close_r)
F:/programy/STM32CubeIDE/STM32CubeIDE_2.1.1/STM32CubeIDE/plugins/com.st.stm32cube.ide.mcu.externaltools.gnu-tools-for-stm32.14.3.rel1.win32_1.0.100.202602081740/tools/bin/../lib/gcc/arm-none-eabi/14.3.1/../../../../arm-none-eabi/lib/thumb/v7e-m+fp/hard\libc_nano.a(libc_a-reent.o)
                              F:/programy/STM32CubeIDE/STM32CubeIDE_2.1.1/STM32CubeIDE/plugins/com.st.stm32cube.ide.mcu.externaltools.gnu-tools-for-stm32.14.3.rel1.win32_1.0.100.202602081740/tools/bin/../lib/gcc/arm-none-eabi/14.3.1/../../../../arm-none-eabi/lib/thumb/v7e-m+fp/hard\libc_nano.a(libc_a-closer.o) (errno)
F:/programy/STM32CubeIDE/STM32CubeIDE_2.1.1/STM32CubeIDE/plugins/com.st.stm32cube.ide.mcu.externaltools.gnu-tools-for-stm32.14.3.rel1.win32_1.0.100.202602081740/tools/bin/../lib/gcc/arm-none-eabi/14.3.1/../../../../arm-none-eabi/lib/thumb/v7e-m+fp/hard\libc_nano.a(libc_a-impure.o)
                              F:/programy/STM32CubeIDE/STM32CubeIDE_2.1.1/STM32CubeIDE/plugins/com.st.stm32cube.ide.mcu.externaltools.gnu-tools-for-stm32.14.3.rel1.win32_1.0.100.202602081740/tools/bin/../lib/gcc/arm-none-eabi/14.3.1/../../../../arm-none-eabi/lib/thumb/v7e-m+fp/hard\libc_nano.a(libc_a-reent.o) (_impure_ptr)
[...]
Memory Configuration

Name             Origin             Length             Attributes
RAM              0x20000000         0x00020000         xrw
FLASH            0x08000000         0x00080000         xr
*default*        0x00000000         0xffffffff

Linker script and memory map

LOAD F:/programy/STM32CubeIDE/STM32CubeIDE_2.1.1/STM32CubeIDE/plugins/com.st.stm32cube.ide.mcu.externaltools.gnu-tools-for-stm32.14.3.rel1.win32_1.0.100.202602081740/tools/bin/../lib/gcc/arm-none-eabi/14.3.1/thumb/v7e-m+fp/hard/crti.o
LOAD F:/programy/STM32CubeIDE/STM32CubeIDE_2.1.1/STM32CubeIDE/plugins/com.st.stm32cube.ide.mcu.externaltools.gnu-tools-for-stm32.14.3.rel1.win32_1.0.100.202602081740/tools/bin/../lib/gcc/arm-none-eabi/14.3.1/thumb/v7e-m+fp/hard/crtbegin.o
LOAD F:/programy/STM32CubeIDE/STM32CubeIDE_2.1.1/STM32CubeIDE/plugins/com.st.stm32cube.ide.mcu.externaltools.gnu-tools-for-stm32.14.3.rel1.win32_1.0.100.202602081740/tools/bin/../lib/gcc/arm-none-eabi/14.3.1/../../../../arm-none-eabi/lib/thumb/v7e-m+fp/hard/crt0.o
LOAD ./Core/Src/WS2812B.o
LOAD ./Core/Src/main.o
LOAD ./Core/Src/stm32g4xx_hal_msp.o
LOAD ./Core/Src/stm32g4xx_it.o
LOAD ./Core/Src/syscalls.o
LOAD ./Core/Src/sysmem.o
LOAD ./Core/Src/system_stm32g4xx.o
LOAD ./Core/Startup/startup_stm32g474retx.o
LOAD ./Drivers/STM32G4xx_HAL_Driver/Src/stm32g4xx_hal.o
LOAD ./Drivers/STM32G4xx_HAL_Driver/Src/stm32g4xx_hal_cortex.o
LOAD ./Drivers/STM32G4xx_HAL_Driver/Src/stm32g4xx_hal_dma.o
LOAD ./Drivers/STM32G4xx_HAL_Driver/Src/stm32g4xx_hal_dma_ex.o
LOAD ./Drivers/STM32G4xx_HAL_Driver/Src/stm32g4xx_hal_exti.o
LOAD ./Drivers/STM32G4xx_HAL_Driver/Src/stm32g4xx_hal_flash.o
LOAD ./Drivers/STM32G4xx_HAL_Driver/Src/stm32g4xx_hal_flash_ex.o
LOAD ./Drivers/STM32G4xx_HAL_Driver/Src/stm32g4xx_hal_flash_ramfunc.o
LOAD ./Drivers/STM32G4xx_HAL_Driver/Src/stm32g4xx_hal_gpio.o
LOAD ./Drivers/STM32G4xx_HAL_Driver/Src/stm32g4xx_hal_pwr.o
LOAD ./Drivers/STM32G4xx_HAL_Driver/Src/stm32g4xx_hal_pwr_ex.o
LOAD ./Drivers/STM32G4xx_HAL_Driver/Src/stm32g4xx_hal_rcc.o
LOAD ./Drivers/STM32G4xx_HAL_Driver/Src/stm32g4xx_hal_rcc_ex.o
LOAD ./Drivers/STM32G4xx_HAL_Driver/Src/stm32g4xx_hal_tim.o
LOAD ./Drivers/STM32G4xx_HAL_Driver/Src/stm32g4xx_hal_tim_ex.o
START GROUP
LOAD F:/programy/STM32CubeIDE/STM32CubeIDE_2.1.1/STM32CubeIDE/plugins/com.st.stm32cube.ide.mcu.externaltools.gnu-tools-for-stm32.14.3.rel1.win32_1.0.100.202602081740/tools/bin/../lib/gcc/arm-none-eabi/14.3.1/../../../../arm-none-eabi/lib/thumb/v7e-m+fp/hard\libc_nano.a
LOAD F:/programy/STM32CubeIDE/STM32CubeIDE_2.1.1/STM32CubeIDE/plugins/com.st.stm32cube.ide.mcu.externaltools.gnu-tools-for-stm32.14.3.rel1.win32_1.0.100.202602081740/tools/bin/../lib/gcc/arm-none-eabi/14.3.1/../../../../arm-none-eabi/lib/thumb/v7e-m+fp/hard\libm.a
END GROUP
START GROUP
LOAD F:/programy/STM32CubeIDE/STM32CubeIDE_2.1.1/STM32CubeIDE/plugins/com.st.stm32cube.ide.mcu.externaltools.gnu-tools-for-stm32.14.3.rel1.win32_1.0.100.202602081740/tools/bin/../lib/gcc/arm-none-eabi/14.3.1/thumb/v7e-m+fp/hard\libgcc.a
LOAD F:/programy/STM32CubeIDE/STM32CubeIDE_2.1.1/STM32CubeIDE/plugins/com.st.stm32cube.ide.mcu.externaltools.gnu-tools-for-stm32.14.3.rel1.win32_1.0.100.202602081740/tools/bin/../lib/gcc/arm-none-eabi/14.3.1/../../../../arm-none-eabi/lib/thumb/v7e-m+fp/hard\libc_nano.a
END GROUP
START GROUP
LOAD F:/programy/STM32CubeIDE/STM32CubeIDE_2.1.1/STM32CubeIDE/plugins/com.st.stm32cube.ide.mcu.externaltools.gnu-tools-for-stm32.14.3.rel1.win32_1.0.100.202602081740/tools/bin/../lib/gcc/arm-none-eabi/14.3.1/thumb/v7e-m+fp/hard\libgcc.a
LOAD F:/programy/STM32CubeIDE/STM32CubeIDE_2.1.1/STM32CubeIDE/plugins/com.st.stm32cube.ide.mcu.externaltools.gnu-tools-for-stm32.14.3.rel1.win32_1.0.100.202602081740/tools/bin/../lib/gcc/arm-none-eabi/14.3.1/../../../../arm-none-eabi/lib/thumb/v7e-m+fp/hard\libc_nano.a
LOAD F:/programy/STM32CubeIDE/STM32CubeIDE_2.1.1/STM32CubeIDE/plugins/com.st.stm32cube.ide.mcu.externaltools.gnu-tools-for-stm32.14.3.rel1.win32_1.0.100.202602081740/tools/bin/../lib/gcc/arm-none-eabi/14.3.1/../../../../arm-none-eabi/lib/thumb/v7e-m+fp/hard\libnosys.a
END GROUP
START GROUP
LOAD F:/programy/STM32CubeIDE/STM32CubeIDE_2.1.1/STM32CubeIDE/plugins/com.st.stm32cube.ide.mcu.externaltools.gnu-tools-for-stm32.14.3.rel1.win32_1.0.100.202602081740/tools/bin/../lib/gcc/arm-none-eabi/14.3.1/thumb/v7e-m+fp/hard\libgcc.a
LOAD F:/programy/STM32CubeIDE/STM32CubeIDE_2.1.1/STM32CubeIDE/plugins/com.st.stm32cube.ide.mcu.externaltools.gnu-tools-for-stm32.14.3.rel1.win32_1.0.100.202602081740/tools/bin/../lib/gcc/arm-none-eabi/14.3.1/../../../../arm-none-eabi/lib/thumb/v7e-m+fp/hard\libc_nano.a
LOAD F:/programy/STM32CubeIDE/STM32CubeIDE_2.1.1/STM32CubeIDE/plugins/com.st.stm32cube.ide.mcu.externaltools.gnu-tools-for-stm32.14.3.rel1.win32_1.0.100.202602081740/tools/bin/../lib/gcc/arm-none-eabi/14.3.1/../../../../arm-none-eabi/lib/thumb/v7e-m+fp/hard\libnosys.a
END GROUP
LOAD F:/programy/STM32CubeIDE/STM32CubeIDE_2.1.1/STM32CubeIDE/plugins/com.st.stm32cube.ide.mcu.externaltools.gnu-tools-for-stm32.14.3.rel1.win32_1.0.100.202602081740/tools/bin/../lib/gcc/arm-none-eabi/14.3.1/thumb/v7e-m+fp/hard/crtend.o
LOAD F:/programy/STM32CubeIDE/STM32CubeIDE_2.1.1/STM32CubeIDE/plugins/com.st.stm32cube.ide.mcu.externaltools.gnu-tools-for-stm32.14.3.rel1.win32_1.0.100.202602081740/tools/bin/../lib/gcc/arm-none-eabi/14.3.1/thumb/v7e-m+fp/hard/crtn.o
                0x20020000                        _estack = (ORIGIN (RAM) + LENGTH (RAM))
                0x00000200                        _Min_Heap_Size = 0x200
                0x00000400                        _Min_Stack_Size = 0x400

.isr_vector     0x08000000      0x1d8
                0x08000000                        . = ALIGN (0x4)
 *(.isr_vector)
 .isr_vector    0x08000000      0x1d8 ./Core/Startup/startup_stm32g474retx.o
                0x08000000                g_pfnVectors
                0x080001d8                        . = ALIGN (0x4)

.text           0x080001d8     0x35d4
                0x080001d8                        . = ALIGN (0x4)
 *(.text)
 .text          0x080001d8       0x40 F:/programy/STM32CubeIDE/STM32CubeIDE_2.1.1/STM32CubeIDE/plugins/com.st.stm32cube.ide.mcu.externaltools.gnu-tools-for-stm32.14.3.rel1.win32_1.0.100.202602081740/tools/bin/../lib/gcc/arm-none-eabi/14.3.1/thumb/v7e-m+fp/hard/crtbegin.o
 *(.text*)
 .text.value_to_bytes
                0x08000218       0x58 ./Core/Src/WS2812B.o
 .text.ws2812b_init
                0x08000270       0x44 ./Core/Src/WS2812B.o
                0x08000270                ws2812b_init
 .text.ws2812b_update
                0x080002b4       0x1c ./Core/Src/WS2812B.o
                0x080002b4                ws2812b_update
 .text.ws2812b_set_color
                0x080002d0       0x64 ./Core/Src/WS2812B.o
                0x080002d0                ws2812b_set_color
 .text.main     0x08000334      0x110 ./Core/Src/main.o
                0x08000334                main
 .text.SystemClock_Config
                0x08000444       0x98 ./Core/Src/main.o
                0x08000444                SystemClock_Config
 .text.MX_TIM3_Init
                0x080004dc       0xec ./Core/Src/main.o
 .text.MX_DMA_Init
                0x080005c8       0x54 ./Core/Src/main.o
 .text.MX_GPIO_Init
                0x0800061c       0x70 ./Core/Src/main.o
 .text.Error_Handler
                0x0800068c        0xc ./Core/Src/main.o
                0x0800068c                Error_Handler
 .text.HAL_MspInit
                0x08000698       0x48 ./Core/Src/stm32g4xx_hal_msp.o
                0x08000698                HAL_MspInit
 .text.HAL_TIM_Base_MspInit
                0x080006e0       0x98 ./Core/Src/stm32g4xx_hal_msp.o
                0x080006e0                HAL_TIM_Base_MspInit
 .text.HAL_TIM_MspPostInit
                0x08000778       0x6c ./Core/Src/stm32g4xx_hal_msp.o
                0x08000778                HAL_TIM_MspPostInit
 .text.NMI_Handler
                0x080007e4        0x8 ./Core/Src/stm32g4xx_it.o
                0x080007e4                NMI_Handler
 .text.HardFault_Handler
                0x080007ec        0x8 ./Core/Src/stm32g4xx_it.o
                0x080007ec                HardFault_Handler
 .text.MemManage_Handler
                0x080007f4        0x8 ./Core/Src/stm32g4xx_it.o
                0x080007f4                MemManage_Handler
 .text.BusFault_Handler
                0x080007fc        0x8 ./Core/Src/stm32g4xx_it.o
                0x080007fc                BusFault_Handler
 .text.UsageFault_Handler
                0x08000804        0x8 ./Core/Src/stm32g4xx_it.o
                0x08000804                UsageFault_Handler
 .text.SVC_Handler
                0x0800080c        0xe ./Core/Src/stm32g4xx_it.o
                0x0800080c                SVC_Handler
 .text.DebugMon_Handler
                0x0800081a        0xe ./Core/Src/stm32g4xx_it.o
                0x0800081a                DebugMon_Handler
 .text.PendSV_Handler
                0x08000828        0xe ./Core/Src/stm32g4xx_it.o
                0x08000828                PendSV_Handler
 .text.SysTick_Handler
                0x08000836        0xc ./Core/Src/stm32g4xx_it.o
                0x08000836                SysTick_Handler
 *fill*         0x08000842        0x2 
 .text.DMA1_Channel6_IRQHandler
                0x08000844       0x14 ./Core/Src/stm32g4xx_it.o
                0x08000844                DMA1_Channel6_IRQHandler
 .text.SystemInit
                0x08000858       0x24 ./Core/Src/system_stm32g4xx.o
                0x08000858                SystemInit
 .text.Reset_Handler
                0x0800087c       0x50 ./Core/Startup/startup_stm32g474retx.o
                0x0800087c                Reset_Handler
 .text.Default_Handler
                0x080008cc        0x2 ./Core/Startup/startup_stm32g474retx.o
                0x080008cc                RTC_Alarm_IRQHandler
                0x080008cc                EXTI2_IRQHandler
                0x080008cc                TIM8_TRG_COM_IRQHandler
                0x080008cc                TIM8_CC_IRQHandler
                0x080008cc                HRTIM1_Master_IRQHandler
                0x080008cc                SPI4_IRQHandler
                0x080008cc                FDCAN3_IT0_IRQHandler
                0x080008cc                TIM1_CC_IRQHandler
                0x080008cc                HRTIM1_FLT_IRQHandler
                0x080008cc                HRTIM1_TIMF_IRQHandler
                0x080008cc                USB_HP_IRQHandler
                0x080008cc                CORDIC_IRQHandler
                0x080008cc                HRTIM1_TIMD_IRQHandler
                0x080008cc                DMA2_Channel8_IRQHandler
                0x080008cc                EXTI3_IRQHandler
                0x080008cc                I2C3_ER_IRQHandler
                0x080008cc                EXTI0_IRQHandler
                0x080008cc                I2C2_EV_IRQHandler
                0x080008cc                FPU_IRQHandler
                0x080008cc                FDCAN1_IT1_IRQHandler
                0x080008cc                TIM1_UP_TIM16_IRQHandler
                0x080008cc                ADC1_2_IRQHandler
                0x080008cc                HRTIM1_TIME_IRQHandler
                0x080008cc                SPI1_IRQHandler
                0x080008cc                TIM6_DAC_IRQHandler
                0x080008cc                HRTIM1_TIMC_IRQHandler
                0x080008cc                TIM8_UP_IRQHandler
                0x080008cc                DMA2_Channel2_IRQHandler
                0x080008cc                DMA1_Channel4_IRQHandler
                0x080008cc                TIM20_TRG_COM_IRQHandler
                0x080008cc                USART3_IRQHandler
                0x080008cc                DMA1_Channel7_IRQHandler
                0x080008cc                UART5_IRQHandler
                0x080008cc                ADC3_IRQHandler
                0x080008cc                TIM4_IRQHandler
                0x080008cc                DMA2_Channel1_IRQHandler
                0x080008cc                QUADSPI_IRQHandler
                0x080008cc                I2C1_EV_IRQHandler
                0x080008cc                UART4_IRQHandler
                0x080008cc                DMA2_Channel4_IRQHandler
                0x080008cc                TIM3_IRQHandler
                0x080008cc                RCC_IRQHandler
                0x080008cc                TIM20_UP_IRQHandler
                0x080008cc                DMA1_Channel1_IRQHandler
                0x080008cc                Default_Handler
                0x080008cc                DMA2_Channel7_IRQHandler
                0x080008cc                RTC_TAMP_LSECSS_IRQHandler
                0x080008cc                FMAC_IRQHandler
                0x080008cc                EXTI15_10_IRQHandler
                0x080008cc                DMA1_Channel8_IRQHandler
                0x080008cc                HRTIM1_TIMA_IRQHandler
                0x080008cc                TIM7_DAC_IRQHandler
                0x080008cc                FDCAN3_IT1_IRQHandler
                0x080008cc                TIM5_IRQHandler
                0x080008cc                UCPD1_IRQHandler
                0x080008cc                I2C3_EV_IRQHandler
                0x080008cc                EXTI9_5_IRQHandler
                0x080008cc                RTC_WKUP_IRQHandler
                0x080008cc                PVD_PVM_IRQHandler
                0x080008cc                SPI2_IRQHandler
                0x080008cc                ADC5_IRQHandler
                0x080008cc                DMA2_Channel5_IRQHandler
                0x080008cc                CRS_IRQHandler
                0x080008cc                DMA1_Channel5_IRQHandler
                0x080008cc                USB_LP_IRQHandler
                0x080008cc                EXTI4_IRQHandler
                0x080008cc                RNG_IRQHandler
                0x080008cc                HRTIM1_TIMB_IRQHandler
                0x080008cc                TIM1_TRG_COM_TIM17_IRQHandler
                0x080008cc                FDCAN2_IT1_IRQHandler
                0x080008cc                DMA1_Channel3_IRQHandler
                0x080008cc                ADC4_IRQHandler
                0x080008cc                WWDG_IRQHandler
                0x080008cc                I2C4_EV_IRQHandler
                0x080008cc                FDCAN2_IT0_IRQHandler
                0x080008cc                LPUART1_IRQHandler
                0x080008cc                DMA2_Channel6_IRQHandler
                0x080008cc                FDCAN1_IT0_IRQHandler
                0x080008cc                TIM2_IRQHandler
                0x080008cc                COMP7_IRQHandler
                0x080008cc                COMP1_2_3_IRQHandler
                0x080008cc                EXTI1_IRQHandler
                0x080008cc                USART2_IRQHandler
                0x080008cc                COMP4_5_6_IRQHandler
                0x080008cc                TIM20_BRK_IRQHandler
                0x080008cc                I2C2_ER_IRQHandler
                0x080008cc                DMA1_Channel2_IRQHandler
                0x080008cc                TIM8_BRK_IRQHandler
                0x080008cc                FLASH_IRQHandler
                0x080008cc                TIM20_CC_IRQHandler
                0x080008cc                USART1_IRQHandler
                0x080008cc                SPI3_IRQHandler
                0x080008cc                I2C1_ER_IRQHandler
                0x080008cc                FMC_IRQHandler
                0x080008cc                LPTIM1_IRQHandler
                0x080008cc                DMAMUX_OVR_IRQHandler
                0x080008cc                I2C4_ER_IRQHandler
                0x080008cc                USBWakeUp_IRQHandler
                0x080008cc                SAI1_IRQHandler
                0x080008cc                DMA2_Channel3_IRQHandler
                0x080008cc                TIM1_BRK_TIM15_IRQHandler
 .text.HAL_Init
                0x080008ce       0x30 ./Drivers/STM32G4xx_HAL_Driver/Src/stm32g4xx_hal.o
                0x080008ce                HAL_Init
 *fill*         0x080008fe        0x2 
 .text.HAL_InitTick
                0x08000900       0x74 ./Drivers/STM32G4xx_HAL_Driver/Src/stm32g4xx_hal.o
                0x08000900                HAL_InitTick
 .text.HAL_IncTick
                0x08000974       0x24 ./Drivers/STM32G4xx_HAL_Driver/Src/stm32g4xx_hal.o
                0x08000974                HAL_IncTick
 .text.HAL_GetTick
                0x08000998       0x18 ./Drivers/STM32G4xx_HAL_Driver/Src/stm32g4xx_hal.o
                0x08000998                HAL_GetTick
 .text.__NVIC_SetPriorityGrouping
                0x080009b0       0x48 ./Drivers/STM32G4xx_HAL_Driver/Src/stm32g4xx_hal_cortex.o
 .text.__NVIC_GetPriorityGrouping
                0x080009f8       0x1c ./Drivers/STM32G4xx_HAL_Driver/Src/stm32g4xx_hal_cortex.o
 .text.__NVIC_EnableIRQ
                0x08000a14       0x3c ./Drivers/STM32G4xx_HAL_Driver/Src/stm32g4xx_hal_cortex.o
 .text.__NVIC_SetPriority
                0x08000a50       0x54 ./Drivers/STM32G4xx_HAL_Driver/Src/stm32g4xx_hal_cortex.o
 .text.NVIC_EncodePriority
                0x08000aa4       0x66 ./Drivers/STM32G4xx_HAL_Driver/Src/stm32g4xx_hal_cortex.o
 *fill*         0x08000b0a        0x2 
 .text.SysTick_Config
                0x08000b0c       0x44 ./Drivers/STM32G4xx_HAL_Driver/Src/stm32g4xx_hal_cortex.o
 .text.HAL_NVIC_SetPriorityGrouping
                0x08000b50       0x16 ./Drivers/STM32G4xx_HAL_Driver/Src/stm32g4xx_hal_cortex.o
                0x08000b50                HAL_NVIC_SetPriorityGrouping
 .text.HAL_NVIC_SetPriority
                0x08000b66       0x34 ./Drivers/STM32G4xx_HAL_Driver/Src/stm32g4xx_hal_cortex.o
                0x08000b66                HAL_NVIC_SetPriority
 .text.HAL_NVIC_EnableIRQ
                0x08000b9a       0x1c ./Drivers/STM32G4xx_HAL_Driver/Src/stm32g4xx_hal_cortex.o
                0x08000b9a                HAL_NVIC_EnableIRQ
 .text.HAL_SYSTICK_Config
                0x08000bb6       0x18 ./Drivers/STM32G4xx_HAL_Driver/Src/stm32g4xx_hal_cortex.o
                0x08000bb6                HAL_SYSTICK_Config
 *fill*         0x08000bce        0x2 
 .text.HAL_DMA_Init
                0x08000bd0      0x150 ./Drivers/STM32G4xx_HAL_Driver/Src/stm32g4xx_hal_dma.o
                0x08000bd0                HAL_DMA_Init
 .text.HAL_DMA_Start_IT
                0x08000d20       0xf6 ./Drivers/STM32G4xx_HAL_Driver/Src/stm32g4xx_hal_dma.o
                0x08000d20                HAL_DMA_Start_IT
 .text.HAL_DMA_IRQHandler
                0x08000e16      0x15e ./Drivers/STM32G4xx_HAL_Driver/Src/stm32g4xx_hal_dma.o
                0x08000e16                HAL_DMA_IRQHandler
 .text.DMA_SetConfig
                0x08000f74       0x7c ./Drivers/STM32G4xx_HAL_Driver/Src/stm32g4xx_hal_dma.o
 .text.DMA_CalcDMAMUXChannelBaseAndMask
                0x08000ff0       0x90 ./Drivers/STM32G4xx_HAL_Driver/Src/stm32g4xx_hal_dma.o
 .text.DMA_CalcDMAMUXRequestGenBaseAndMask
                0x08001080       0x4c ./Drivers/STM32G4xx_HAL_Driver/Src/stm32g4xx_hal_dma.o
 .text.HAL_GPIO_Init
                0x080010cc      0x318 ./Drivers/STM32G4xx_HAL_Driver/Src/stm32g4xx_hal_gpio.o
                0x080010cc                HAL_GPIO_Init
 .text.HAL_GPIO_ReadPin
                0x080013e4       0x30 ./Drivers/STM32G4xx_HAL_Driver/Src/stm32g4xx_hal_gpio.o
                0x080013e4                HAL_GPIO_ReadPin
 .text.HAL_PWREx_ControlVoltageScaling
                0x08001414      0x148 ./Drivers/STM32G4xx_HAL_Driver/Src/stm32g4xx_hal_pwr_ex.o
                0x08001414                HAL_PWREx_ControlVoltageScaling
 .text.HAL_PWREx_DisableUCPDDeadBattery
                0x0800155c       0x20 ./Drivers/STM32G4xx_HAL_Driver/Src/stm32g4xx_hal_pwr_ex.o
                0x0800155c                HAL_PWREx_DisableUCPDDeadBattery
 .text.HAL_RCC_OscConfig
                0x0800157c      0x624 ./Drivers/STM32G4xx_HAL_Driver/Src/stm32g4xx_hal_rcc.o
                0x0800157c                HAL_RCC_OscConfig
 .text.HAL_RCC_ClockConfig
                0x08001ba0      0x278 ./Drivers/STM32G4xx_HAL_Driver/Src/stm32g4xx_hal_rcc.o
                0x08001ba0                HAL_RCC_ClockConfig
 .text.HAL_RCC_GetSysClockFreq
                0x08001e18       0xc4 ./Drivers/STM32G4xx_HAL_Driver/Src/stm32g4xx_hal_rcc.o
                0x08001e18                HAL_RCC_GetSysClockFreq
 .text.RCC_GetSysClockFreqFromPLLSource
                0x08001edc       0x8c ./Drivers/STM32G4xx_HAL_Driver/Src/stm32g4xx_hal_rcc.o
 .text.HAL_TIM_Base_Init
                0x08001f68       0xae ./Drivers/STM32G4xx_HAL_Driver/Src/stm32g4xx_hal_tim.o
                0x08001f68                HAL_TIM_Base_Init
 *fill*         0x08002016        0x2 
 .text.HAL_TIM_Base_Start
                0x08002018       0xe0 ./Drivers/STM32G4xx_HAL_Driver/Src/stm32g4xx_hal_tim.o
                0x08002018                HAL_TIM_Base_Start
 .text.HAL_TIM_PWM_Init
                0x080020f8       0xae ./Drivers/STM32G4xx_HAL_Driver/Src/stm32g4xx_hal_tim.o
                0x080020f8                HAL_TIM_PWM_Init
 .text.HAL_TIM_PWM_MspInit
                0x080021a6       0x14 ./Drivers/STM32G4xx_HAL_Driver/Src/stm32g4xx_hal_tim.o
                0x080021a6                HAL_TIM_PWM_MspInit
 *fill*         0x080021ba        0x2 
 .text.HAL_TIM_PWM_Start_DMA
                0x080021bc      0x458 ./Drivers/STM32G4xx_HAL_Driver/Src/stm32g4xx_hal_tim.o
                0x080021bc                HAL_TIM_PWM_Start_DMA
 .text.HAL_TIM_PWM_ConfigChannel
                0x08002614      0x228 ./Drivers/STM32G4xx_HAL_Driver/Src/stm32g4xx_hal_tim.o
                0x08002614                HAL_TIM_PWM_ConfigChannel
 .text.HAL_TIM_ConfigClockSource
                0x0800283c      0x22c ./Drivers/STM32G4xx_HAL_Driver/Src/stm32g4xx_hal_tim.o
                0x0800283c                HAL_TIM_ConfigClockSource
 .text.HAL_TIM_PWM_PulseFinishedCallback
                0x08002a68       0x14 ./Drivers/STM32G4xx_HAL_Driver/Src/stm32g4xx_hal_tim.o
                0x08002a68                HAL_TIM_PWM_PulseFinishedCallback
 .text.HAL_TIM_PWM_PulseFinishedHalfCpltCallback
                0x08002a7c       0x14 ./Drivers/STM32G4xx_HAL_Driver/Src/stm32g4xx_hal_tim.o
                0x08002a7c                HAL_TIM_PWM_PulseFinishedHalfCpltCallback
 .text.HAL_TIM_ErrorCallback
                0x08002a90       0x14 ./Drivers/STM32G4xx_HAL_Driver/Src/stm32g4xx_hal_tim.o
                0x08002a90                HAL_TIM_ErrorCallback
 .text.TIM_DMAError
                0x08002aa4       0x92 ./Drivers/STM32G4xx_HAL_Driver/Src/stm32g4xx_hal_tim.o
                0x08002aa4                TIM_DMAError
 .text.TIM_DMADelayPulseCplt
                0x08002b36       0xa8 ./Drivers/STM32G4xx_HAL_Driver/Src/stm32g4xx_hal_tim.o
 .text.TIM_DMADelayPulseHalfCplt
                0x08002bde       0x68 ./Drivers/STM32G4xx_HAL_Driver/Src/stm32g4xx_hal_tim.o
                0x08002bde                TIM_DMADelayPulseHalfCplt
 *fill*         0x08002c46        0x2 
 .text.TIM_Base_SetConfig
                0x08002c48      0x15c ./Drivers/STM32G4xx_HAL_Driver/Src/stm32g4xx_hal_tim.o
                0x08002c48                TIM_Base_SetConfig
 .text.TIM_OC1_SetConfig
                0x08002da4      0x138 ./Drivers/STM32G4xx_HAL_Driver/Src/stm32g4xx_hal_tim.o
 .text.TIM_OC2_SetConfig
                0x08002edc      0x12c ./Drivers/STM32G4xx_HAL_Driver/Src/stm32g4xx_hal_tim.o
                0x08002edc                TIM_OC2_SetConfig
 .text.TIM_OC3_SetConfig
                0x08003008      0x128 ./Drivers/STM32G4xx_HAL_Driver/Src/stm32g4xx_hal_tim.o
 .text.TIM_OC4_SetConfig
                0x08003130      0x12c ./Drivers/STM32G4xx_HAL_Driver/Src/stm32g4xx_hal_tim.o
 .text.TIM_OC5_SetConfig
                0x0800325c       0xd4 ./Drivers/STM32G4xx_HAL_Driver/Src/stm32g4xx_hal_tim.o
 .text.TIM_OC6_SetConfig
                0x08003330       0xd8 ./Drivers/STM32G4xx_HAL_Driver/Src/stm32g4xx_hal_tim.o
 .text.TIM_TI1_ConfigInputStage
                0x08003408       0xb4 ./Drivers/STM32G4xx_HAL_Driver/Src/stm32g4xx_hal_tim.o
 .text.TIM_TI2_ConfigInputStage
                0x080034bc       0x90 ./Drivers/STM32G4xx_HAL_Driver/Src/stm32g4xx_hal_tim.o
 .text.TIM_ITRx_SetConfig
                0x0800354c       0x3a ./Drivers/STM32G4xx_HAL_Driver/Src/stm32g4xx_hal_tim.o
 .text.TIM_ETR_SetConfig
                0x08003586       0x40 ./Drivers/STM32G4xx_HAL_Driver/Src/stm32g4xx_hal_tim.o
                0x08003586                TIM_ETR_SetConfig
 .text.TIM_CCxChannelCmd
                0x080035c6       0x4a ./Drivers/STM32G4xx_HAL_Driver/Src/stm32g4xx_hal_tim.o
                0x080035c6                TIM_CCxChannelCmd
 .text.HAL_TIMEx_MasterConfigSynchronization
                0x08003610      0x12c ./Drivers/STM32G4xx_HAL_Driver/Src/stm32g4xx_hal_tim_ex.o
                0x08003610                HAL_TIMEx_MasterConfigSynchronization
 .text.memset   0x0800373c       0x10 F:/programy/STM32CubeIDE/STM32CubeIDE_2.1.1/STM32CubeIDE/plugins/com.st.stm32cube.ide.mcu.externaltools.gnu-tools-for-stm32.14.3.rel1.win32_1.0.100.202602081740/tools/bin/../lib/gcc/arm-none-eabi/14.3.1/../../../../arm-none-eabi/lib/thumb/v7e-m+fp/hard\libc_nano.a(libc_a-memset.o)
                0x0800373c                memset
 .text.__libc_init_array
                0x0800374c       0x48 F:/programy/STM32CubeIDE/STM32CubeIDE_2.1.1/STM32CubeIDE/plugins/com.st.stm32cube.ide.mcu.externaltools.gnu-tools-for-stm32.14.3.rel1.win32_1.0.100.202602081740/tools/bin/../lib/gcc/arm-none-eabi/14.3.1/../../../../arm-none-eabi/lib/thumb/v7e-m+fp/hard\libc_nano.a(libc_a-init.o)
                0x0800374c                __libc_init_array
 *(.glue_7)
 .glue_7        0x08003794        0x0 linker stubs
 *(.glue_7t)
 .glue_7t       0x08003794        0x0 linker stubs
 *(.eh_frame)
 .eh_frame      0x08003794        0x0 F:/programy/STM32CubeIDE/STM32CubeIDE_2.1.1/STM32CubeIDE/plugins/com.st.stm32cube.ide.mcu.externaltools.gnu-tools-for-stm32.14.3.rel1.win32_1.0.100.202602081740/tools/bin/../lib/gcc/arm-none-eabi/14.3.1/thumb/v7e-m+fp/hard/crtbegin.o
 *(.init)
 .init          0x08003794        0x4 F:/programy/STM32CubeIDE/STM32CubeIDE_2.1.1/STM32CubeIDE/plugins/com.st.stm32cube.ide.mcu.externaltools.gnu-tools-for-stm32.14.3.rel1.win32_1.0.100.202602081740/tools/bin/../lib/gcc/arm-none-eabi/14.3.1/thumb/v7e-m+fp/hard/crti.o
                0x08003794                _init
 .init          0x08003798        0x8 F:/programy/STM32CubeIDE/STM32CubeIDE_2.1.1/STM32CubeIDE/plugins/com.st.stm32cube.ide.mcu.externaltools.gnu-tools-for-stm32.14.3.rel1.win32_1.0.100.202602081740/tools/bin/../lib/gcc/arm-none-eabi/14.3.1/thumb/v7e-m+fp/hard/crtn.o
 *(.fini)
 .fini          0x080037a0        0x4 F:/programy/STM32CubeIDE/STM32CubeIDE_2.1.1/STM32CubeIDE/plugins/com.st.stm32cube.ide.mcu.externaltools.gnu-tools-for-stm32.14.3.rel1.win32_1.0.100.202602081740/tools/bin/../lib/gcc/arm-none-eabi/14.3.1/thumb/v7e-m+fp/hard/crti.o
                0x080037a0                _fini
 .fini          0x080037a4        0x8 F:/programy/STM32CubeIDE/STM32CubeIDE_2.1.1/STM32CubeIDE/plugins/com.st.stm32cube.ide.mcu.externaltools.gnu-tools-for-stm32.14.3.rel1.win32_1.0.100.202602081740/tools/bin/../lib/gcc/arm-none-eabi/14.3.1/thumb/v7e-m+fp/hard/crtn.o
                0x080037ac                        . = ALIGN (0x4)
                0x080037ac                        _etext = .

.vfp11_veneer   0x080037ac        0x0
 .vfp11_veneer  0x080037ac        0x0 linker stubs

.v4_bx          0x080037ac        0x0
 .v4_bx         0x080037ac        0x0 linker stubs

.iplt           0x080037ac        0x0
 .iplt          0x080037ac        0x0 F:/programy/STM32CubeIDE/STM32CubeIDE_2.1.1/STM32CubeIDE/plugins/com.st.stm32cube.ide.mcu.externaltools.gnu-tools-for-stm32.14.3.rel1.win32_1.0.100.202602081740/tools/bin/../lib/gcc/arm-none-eabi/14.3.1/thumb/v7e-m+fp/hard/crtbegin.o

.rodata         0x080037ac       0x10
                0x080037ac                        . = ALIGN (0x4)
 *(.rodata)
 *(.rodata*)
 .rodata.AHBPrescTable
                0x080037ac       0x10 ./Core/Src/system_stm32g4xx.o
                0x080037ac                AHBPrescTable
                0x080037bc                        . = ALIGN (0x4)

.ARM.extab      0x080037bc        0x0
                0x080037bc                        . = ALIGN (0x4)
 *(.ARM.extab* .gnu.linkonce.armextab.*)
                0x080037bc                        . = ALIGN (0x4)

.ARM            0x080037bc        0x0
                0x080037bc                        . = ALIGN (0x4)
                0x080037bc                        __exidx_start = .
 *(.ARM.exidx*)
                0x080037bc                        __exidx_end = .
                0x080037bc                        . = ALIGN (0x4)

.preinit_array  0x080037bc        0x0
                0x080037bc                        . = ALIGN (0x4)
                0x080037bc                        PROVIDE (__preinit_array_start = .)
 *(.preinit_array*)
                0x080037bc                        PROVIDE (__preinit_array_end = .)
                0x080037bc                        . = ALIGN (0x4)

.init_array     0x080037bc        0x4
                0x080037bc                        . = ALIGN (0x4)
                0x080037bc                        PROVIDE (__init_array_start = .)
 *(SORT_BY_NAME(.init_array.*))
 *(.init_array*)
 .init_array    0x080037bc        0x4 F:/programy/STM32CubeIDE/STM32CubeIDE_2.1.1/STM32CubeIDE/plugins/com.st.stm32cube.ide.mcu.externaltools.gnu-tools-for-stm32.14.3.rel1.win32_1.0.100.202602081740/tools/bin/../lib/gcc/arm-none-eabi/14.3.1/thumb/v7e-m+fp/hard/crtbegin.o
                0x080037c0                        PROVIDE (__init_array_end = .)
                0x080037c0                        . = ALIGN (0x4)

.fini_array     0x080037c0        0x4
                0x080037c0                        . = ALIGN (0x4)
                [!provide]                        PROVIDE (__fini_array_start = .)
 *(SORT_BY_NAME(.fini_array.*))
 *(.fini_array*)
 .fini_array    0x080037c0        0x4 F:/programy/STM32CubeIDE/STM32CubeIDE_2.1.1/STM32CubeIDE/plugins/com.st.stm32cube.ide.mcu.externaltools.gnu-tools-for-stm32.14.3.rel1.win32_1.0.100.202602081740/tools/bin/../lib/gcc/arm-none-eabi/14.3.1/thumb/v7e-m+fp/hard/crtbegin.o
                [!provide]                        PROVIDE (__fini_array_end = .)
                0x080037c4                        . = ALIGN (0x4)
                0x080037c4                        _sidata = LOADADDR (.data)

.rel.dyn        0x080037c4        0x0
 .rel.iplt      0x080037c4        0x0 F:/programy/STM32CubeIDE/STM32CubeIDE_2.1.1/STM32CubeIDE/plugins/com.st.stm32cube.ide.mcu.externaltools.gnu-tools-for-stm32.14.3.rel1.win32_1.0.100.202602081740/tools/bin/../lib/gcc/arm-none-eabi/14.3.1/thumb/v7e-m+fp/hard/crtbegin.o

.data           0x20000000        0xc load address 0x080037c4
                0x20000000                        . = ALIGN (0x4)
                0x20000000                        _sdata = .
 *(.data)
 *(.data*)
 .data.SystemCoreClock
                0x20000000        0x4 ./Core/Src/system_stm32g4xx.o
                0x20000000                SystemCoreClock
 .data.uwTickPrio
                0x20000004        0x4 ./Drivers/STM32G4xx_HAL_Driver/Src/stm32g4xx_hal.o
                0x20000004                uwTickPrio
 .data.uwTickFreq
                0x20000008        0x4 ./Drivers/STM32G4xx_HAL_Driver/Src/stm32g4xx_hal.o
                0x20000008                uwTickFreq
 *(.RamFunc)
 *(.RamFunc*)
                0x2000000c                        . = ALIGN (0x4)
                0x2000000c                        _edata = .

.igot.plt       0x2000000c        0x0 load address 0x080037d0
 .igot.plt      0x2000000c        0x0 F:/programy/STM32CubeIDE/STM32CubeIDE_2.1.1/STM32CubeIDE/plugins/com.st.stm32cube.ide.mcu.externaltools.gnu-tools-for-stm32.14.3.rel1.win32_1.0.100.202602081740/tools/bin/../lib/gcc/arm-none-eabi/14.3.1/thumb/v7e-m+fp/hard/crtbegin.o
                0x2000000c                        . = ALIGN (0x4)

.bss            0x2000000c      0x110 load address 0x080037d0
                0x2000000c                        _sbss = .
                0x2000000c                        __bss_start__ = _sbss
 *(.bss)
 .bss           0x2000000c       0x1c F:/programy/STM32CubeIDE/STM32CubeIDE_2.1.1/STM32CubeIDE/plugins/com.st.stm32cube.ide.mcu.externaltools.gnu-tools-for-stm32.14.3.rel1.win32_1.0.100.202602081740/tools/bin/../lib/gcc/arm-none-eabi/14.3.1/thumb/v7e-m+fp/hard/crtbegin.o
 *(.bss*)
 .bss.led       0x20000028       0x41 ./Core/Src/WS2812B.o
 *fill*         0x20000069        0x3 
 .bss.htim3     0x2000006c       0x4c ./Core/Src/main.o
                0x2000006c                htim3
 .bss.hdma_tim3_ch1
                0x200000b8       0x60 ./Core/Src/main.o
                0x200000b8                hdma_tim3_ch1
 .bss.uwTick    0x20000118        0x4 ./Drivers/STM32G4xx_HAL_Driver/Src/stm32g4xx_hal.o
                0x20000118                uwTick
 *(COMMON)
                0x2000011c                        . = ALIGN (0x4)
                0x2000011c                        _ebss = .
                0x2000011c                        __bss_end__ = _ebss

._user_heap_stack
                0x2000011c      0x604 load address 0x080037d0
                0x20000120                        . = ALIGN (0x8)
 *fill*         0x2000011c        0x4 
                [!provide]                        PROVIDE (end = .)
                0x20000120                        PROVIDE (_end = .)
                0x20000320                        . = (. + _Min_Heap_Size)
 *fill*         0x20000120      0x200 
                0x20000720                        . = (. + _Min_Stack_Size)
 *fill*         0x20000320      0x400 
                0x20000720                        . = ALIGN (0x8)

/DISCARD/
 libc.a(*)
 libm.a(*)
 libgcc.a(*)

.ARM.attributes
                0x00000000       0x30
 *(.ARM.attributes)
 .ARM.attributes
                0x00000000       0x22 F:/programy/STM32CubeIDE/STM32CubeIDE_2.1.1/STM32CubeIDE/plugins/com.st.stm32cube.ide.mcu.externaltools.gnu-tools-for-stm32.14.3.rel1.win32_1.0.100.202602081740/tools/bin/../lib/gcc/arm-none-eabi/14.3.1/thumb/v7e-m+fp/hard/crti.o
 .ARM.attributes
                0x00000022       0x34 F:/programy/STM32CubeIDE/STM32CubeIDE_2.1.1/STM32CubeIDE/plugins/com.st.stm32cube.ide.mcu.externaltools.gnu-tools-for-stm32.14.3.rel1.win32_1.0.100.202602081740/tools/bin/../lib/gcc/arm-none-eabi/14.3.1/thumb/v7e-m+fp/hard/crtbegin.o
 .ARM.attributes
                0x00000056       0x34 ./Core/Src/WS2812B.o
 .ARM.attributes
                0x0000008a       0x34 ./Core/Src/main.o
 .ARM.attributes
                0x000000be       0x34 ./Core/Src/stm32g4xx_hal_msp.o
 .ARM.attributes
                0x000000f2       0x34 ./Core/Src/stm32g4xx_it.o
 .ARM.attributes
                0x00000126       0x34 ./Core/Src/system_stm32g4xx.o
 .ARM.attributes
                0x0000015a       0x21 ./Core/Startup/startup_stm32g474retx.o
 .ARM.attributes
                0x0000017b       0x34 ./Drivers/STM32G4xx_HAL_Driver/Src/stm32g4xx_hal.o
 .ARM.attributes
                0x000001af       0x34 ./Drivers/STM32G4xx_HAL_Driver/Src/stm32g4xx_hal_cortex.o
 .ARM.attributes
                0x000001e3       0x34 ./Drivers/STM32G4xx_HAL_Driver/Src/stm32g4xx_hal_dma.o
 .ARM.attributes
                0x00000217       0x34 ./Drivers/STM32G4xx_HAL_Driver/Src/stm32g4xx_hal_gpio.o
 .ARM.attributes
                0x0000024b       0x34 ./Drivers/STM32G4xx_HAL_Driver/Src/stm32g4xx_hal_pwr_ex.o
 .ARM.attributes
                0x0000027f       0x34 ./Drivers/STM32G4xx_HAL_Driver/Src/stm32g4xx_hal_rcc.o
 .ARM.attributes
                0x000002b3       0x34 ./Drivers/STM32G4xx_HAL_Driver/Src/stm32g4xx_hal_tim.o
 .ARM.attributes
                0x000002e7       0x34 ./Drivers/STM32G4xx_HAL_Driver/Src/stm32g4xx_hal_tim_ex.o
 .ARM.attributes
                0x0000031b       0x34 F:/programy/STM32CubeIDE/STM32CubeIDE_2.1.1/STM32CubeIDE/plugins/com.st.stm32cube.ide.mcu.externaltools.gnu-tools-for-stm32.14.3.rel1.win32_1.0.100.202602081740/tools/bin/../lib/gcc/arm-none-eabi/14.3.1/../../../../arm-none-eabi/lib/thumb/v7e-m+fp/hard\libc_nano.a(libc_a-memset.o)
 .ARM.attributes
                0x0000034f       0x34 F:/programy/STM32CubeIDE/STM32CubeIDE_2.1.1/STM32CubeIDE/plugins/com.st.stm32cube.ide.mcu.externaltools.gnu-tools-for-stm32.14.3.rel1.win32_1.0.100.202602081740/tools/bin/../lib/gcc/arm-none-eabi/14.3.1/../../../../arm-none-eabi/lib/thumb/v7e-m+fp/hard\libc_nano.a(libc_a-init.o)
 .ARM.attributes
                0x00000383       0x22 F:/programy/STM32CubeIDE/STM32CubeIDE_2.1.1/STM32CubeIDE/plugins/com.st.stm32cube.ide.mcu.externaltools.gnu-tools-for-stm32.14.3.rel1.win32_1.0.100.202602081740/tools/bin/../lib/gcc/arm-none-eabi/14.3.1/thumb/v7e-m+fp/hard/crtn.o
OUTPUT(Dioda_WS2812B.elf elf32-littlearm)
LOAD linker stubs
LOAD F:/programy/STM32CubeIDE/STM32CubeIDE_2.1.1/STM32CubeIDE/plugins/com.st.stm32cube.ide.mcu.externaltools.gnu-tools-for-stm32.14.3.rel1.win32_1.0.100.202602081740/tools/bin/../lib/gcc/arm-none-eabi/14.3.1/../../../../arm-none-eabi/lib/thumb/v7e-m+fp/hard\libc.a
LOAD F:/programy/STM32CubeIDE/STM32CubeIDE_2.1.1/STM32CubeIDE/plugins/com.st.stm32cube.ide.mcu.externaltools.gnu-tools-for-stm32.14.3.rel1.win32_1.0.100.202602081740/tools/bin/../lib/gcc/arm-none-eabi/14.3.1/../../../../arm-none-eabi/lib/thumb/v7e-m+fp/hard\libm.a
LOAD F:/programy/STM32CubeIDE/STM32CubeIDE_2.1.1/STM32CubeIDE/plugins/com.st.stm32cube.ide.mcu.externaltools.gnu-tools-for-stm32.14.3.rel1.win32_1.0.100.202602081740/tools/bin/../lib/gcc/arm-none-eabi/14.3.1/thumb/v7e-m+fp/hard\libgcc.a

.debug_info     0x00000000     0xbd26
 .debug_info    0x00000000      0x94f ./Core/Src/WS2812B.o
 .debug_info    0x0000094f     0x1468 ./Core/Src/main.o
 .debug_info    0x00001db7      0xcbc ./Core/Src/stm32g4xx_hal_msp.o
 .debug_info    0x00002a73      0x472 ./Core/Src/stm32g4xx_it.o
 .debug_info    0x00002ee5      0x58e ./Core/Src/system_stm32g4xx.o
 .debug_info    0x00003473       0x30 ./Core/Startup/startup_stm32g474retx.o
 .debug_info    0x000034a3      0xb95 ./Drivers/STM32G4xx_HAL_Driver/Src/stm32g4xx_hal.o
 .debug_info    0x00004038      0xdf9 ./Drivers/STM32G4xx_HAL_Driver/Src/stm32g4xx_hal_cortex.o
 .debug_info    0x00004e31      0x85f ./Drivers/STM32G4xx_HAL_Driver/Src/stm32g4xx_hal_dma.o
 .debug_info    0x00005690      0x772 ./Drivers/STM32G4xx_HAL_Driver/Src/stm32g4xx_hal_gpio.o
 .debug_info    0x00005e02      0x944 ./Drivers/STM32G4xx_HAL_Driver/Src/stm32g4xx_hal_pwr_ex.o
 .debug_info    0x00006746      0xbf9 ./Drivers/STM32G4xx_HAL_Driver/Src/stm32g4xx_hal_rcc.o
 .debug_info    0x0000733f     0x2c52 ./Drivers/STM32G4xx_HAL_Driver/Src/stm32g4xx_hal_tim.o
 .debug_info    0x00009f91     0x1d95 ./Drivers/STM32G4xx_HAL_Driver/Src/stm32g4xx_hal_tim_ex.o

.debug_abbrev   0x00000000     0x1d7d
 .debug_abbrev  0x00000000      0x210 ./Core/Src/WS2812B.o
 .debug_abbrev  0x00000210      0x2e6 ./Core/Src/main.o
 .debug_abbrev  0x000004f6      0x23d ./Core/Src/stm32g4xx_hal_msp.o
 .debug_abbrev  0x00000733      0x16a ./Core/Src/stm32g4xx_it.o
 .debug_abbrev  0x0000089d      0x11a ./Core/Src/system_stm32g4xx.o
 .debug_abbrev  0x000009b7       0x24 ./Core/Startup/startup_stm32g474retx.o
 .debug_abbrev  0x000009db      0x271 ./Drivers/STM32G4xx_HAL_Driver/Src/stm32g4xx_hal.o
 .debug_abbrev  0x00000c4c      0x31c ./Drivers/STM32G4xx_HAL_Driver/Src/stm32g4xx_hal_cortex.o
 .debug_abbrev  0x00000f68      0x1e2 ./Drivers/STM32G4xx_HAL_Driver/Src/stm32g4xx_hal_dma.o
 .debug_abbrev  0x0000114a      0x1d2 ./Drivers/STM32G4xx_HAL_Driver/Src/stm32g4xx_hal_gpio.o
 .debug_abbrev  0x0000131c      0x22c ./Drivers/STM32G4xx_HAL_Driver/Src/stm32g4xx_hal_pwr_ex.o
 .debug_abbrev  0x00001548      0x2c9 ./Drivers/STM32G4xx_HAL_Driver/Src/stm32g4xx_hal_rcc.o
 .debug_abbrev  0x00001811      0x2a7 ./Drivers/STM32G4xx_HAL_Driver/Src/stm32g4xx_hal_tim.o
 .debug_abbrev  0x00001ab8      0x2c5 ./Drivers/STM32G4xx_HAL_Driver/Src/stm32g4xx_hal_tim_ex.o

.debug_aranges  0x00000000      0xcc0
 .debug_aranges
                0x00000000       0x38 ./Core/Src/WS2812B.o
 .debug_aranges
                0x00000038       0x48 ./Core/Src/main.o
 .debug_aranges
                0x00000080       0x38 ./Core/Src/stm32g4xx_hal_msp.o
 .debug_aranges
                0x000000b8       0x68 ./Core/Src/stm32g4xx_it.o
 .debug_aranges
                0x00000120       0x28 ./Core/Src/system_stm32g4xx.o
 .debug_aranges
                0x00000148       0x28 ./Core/Startup/startup_stm32g474retx.o
 .debug_aranges
                0x00000170      0x148 ./Drivers/STM32G4xx_HAL_Driver/Src/stm32g4xx_hal.o
 .debug_aranges
                0x000002b8      0x128 ./Drivers/STM32G4xx_HAL_Driver/Src/stm32g4xx_hal_cortex.o
 .debug_aranges
                0x000003e0       0x90 ./Drivers/STM32G4xx_HAL_Driver/Src/stm32g4xx_hal_dma.o
 .debug_aranges
                0x00000470       0x58 ./Drivers/STM32G4xx_HAL_Driver/Src/stm32g4xx_hal_gpio.o
 .debug_aranges
                0x000004c8      0x140 ./Drivers/STM32G4xx_HAL_Driver/Src/stm32g4xx_hal_pwr_ex.o
 .debug_aranges
                0x00000608       0x98 ./Drivers/STM32G4xx_HAL_Driver/Src/stm32g4xx_hal_rcc.o
 .debug_aranges
                0x000006a0      0x3e0 ./Drivers/STM32G4xx_HAL_Driver/Src/stm32g4xx_hal_tim.o
 .debug_aranges
                0x00000a80      0x240 ./Drivers/STM32G4xx_HAL_Driver/Src/stm32g4xx_hal_tim_ex.o

.debug_rnglists
                0x00000000      0x9d5
 .debug_rnglists
                0x00000000       0x25 ./Core/Src/WS2812B.o
 .debug_rnglists
                0x00000025       0x34 ./Core/Src/main.o
 .debug_rnglists
                0x00000059       0x26 ./Core/Src/stm32g4xx_hal_msp.o
 .debug_rnglists
                0x0000007f       0x49 ./Core/Src/stm32g4xx_it.o
 .debug_rnglists
                0x000000c8       0x1a ./Core/Src/system_stm32g4xx.o
 .debug_rnglists
                0x000000e2       0x19 ./Core/Startup/startup_stm32g474retx.o
 .debug_rnglists
                0x000000fb       0xf1 ./Drivers/STM32G4xx_HAL_Driver/Src/stm32g4xx_hal.o
 .debug_rnglists
                0x000001ec       0xda ./Drivers/STM32G4xx_HAL_Driver/Src/stm32g4xx_hal_cortex.o
 .debug_rnglists
                0x000002c6       0x72 ./Drivers/STM32G4xx_HAL_Driver/Src/stm32g4xx_hal_dma.o
 .debug_rnglists
                0x00000338       0x3f ./Drivers/STM32G4xx_HAL_Driver/Src/stm32g4xx_hal_gpio.o
 .debug_rnglists
                0x00000377       0xf1 ./Drivers/STM32G4xx_HAL_Driver/Src/stm32g4xx_hal_pwr_ex.o
 .debug_rnglists
                0x00000468       0x74 ./Drivers/STM32G4xx_HAL_Driver/Src/stm32g4xx_hal_rcc.o
 .debug_rnglists
                0x000004dc      0x32d ./Drivers/STM32G4xx_HAL_Driver/Src/stm32g4xx_hal_tim.o
 .debug_rnglists
                0x00000809      0x1cc ./Drivers/STM32G4xx_HAL_Driver/Src/stm32g4xx_hal_tim_ex.o

.debug_macro    0x00000000    0x25599
 .debug_macro   0x00000000      0x1c7 ./Core/Src/WS2812B.o
 .debug_macro   0x000001c7      0xad8 ./Core/Src/WS2812B.o
 .debug_macro   0x00000c9f       0x2e ./Core/Src/WS2812B.o
 .debug_macro   0x00000ccd       0x28 ./Core/Src/WS2812B.o
 .debug_macro   0x00000cf5       0x22 ./Core/Src/WS2812B.o
 .debug_macro   0x00000d17       0x8e ./Core/Src/WS2812B.o
 .debug_macro   0x00000da5       0x51 ./Core/Src/WS2812B.o
 .debug_macro   0x00000df6      0x103 ./Core/Src/WS2812B.o
 .debug_macro   0x00000ef9       0x6a ./Core/Src/WS2812B.o
 .debug_macro   0x00000f63      0x1df ./Core/Src/WS2812B.o
 .debug_macro   0x00001142       0x1c ./Core/Src/WS2812B.o
 .debug_macro   0x0000115e       0x22 ./Core/Src/WS2812B.o
 .debug_macro   0x00001180       0xfb ./Core/Src/WS2812B.o
 .debug_macro   0x0000127b     0x1011 ./Core/Src/WS2812B.o
 .debug_macro   0x0000228c      0x11f ./Core/Src/WS2812B.o
 .debug_macro   0x000023ab    0x18b8c ./Core/Src/WS2812B.o
 .debug_macro   0x0001af37       0x6d ./Core/Src/WS2812B.o
 .debug_macro   0x0001afa4      0x155 ./Core/Src/WS2812B.o
 .debug_macro   0x0001b0f9     0x3558 ./Core/Src/WS2812B.o
 .debug_macro   0x0001e651      0x190 ./Core/Src/WS2812B.o
 .debug_macro   0x0001e7e1       0x5c ./Core/Src/WS2812B.o
 .debug_macro   0x0001e83d     0x171f ./Core/Src/WS2812B.o
 .debug_macro   0x0001ff5c      0x600 ./Core/Src/WS2812B.o
 .debug_macro   0x0002055c      0x1b6 ./Core/Src/WS2812B.o
 .debug_macro   0x00020712      0x34a ./Core/Src/WS2812B.o
 .debug_macro   0x00020a5c      0x53c ./Core/Src/WS2812B.o
 .debug_macro   0x00020f98      0x18b ./Core/Src/WS2812B.o
 .debug_macro   0x00021123       0x43 ./Core/Src/WS2812B.o
 .debug_macro   0x00021166      0x23d ./Core/Src/WS2812B.o
 .debug_macro   0x000213a3      0x211 ./Core/Src/WS2812B.o
 .debug_macro   0x000215b4      0x45c ./Core/Src/WS2812B.o
 .debug_macro   0x00021a10      0x11c ./Core/Src/WS2812B.o
 .debug_macro   0x00021b2c      0x122 ./Core/Src/WS2812B.o
 .debug_macro   0x00021c4e      0x3d1 ./Core/Src/WS2812B.o
 .debug_macro   0x0002201f      0xc0b ./Core/Src/WS2812B.o
 .debug_macro   0x00022c2a      0x718 ./Core/Src/WS2812B.o
 .debug_macro   0x00023342      0x358 ./Core/Src/WS2812B.o
 .debug_macro   0x0002369a       0x2e ./Core/Src/WS2812B.o
 .debug_macro   0x000236c8      0x299 ./Core/Src/main.o
 .debug_macro   0x00023961       0x28 ./Core/Src/main.o
 .debug_macro   0x00023989       0x2a ./Core/Src/main.o
 .debug_macro   0x000239b3       0x61 ./Core/Src/main.o
 .debug_macro   0x00023a14       0x43 ./Core/Src/main.o
 .debug_macro   0x00023a57       0x34 ./Core/Src/main.o
 .debug_macro   0x00023a8b       0x16 ./Core/Src/main.o
 .debug_macro   0x00023aa1       0x3c ./Core/Src/main.o
 .debug_macro   0x00023add      0x364 ./Core/Src/main.o
 .debug_macro   0x00023e41       0x16 ./Core/Src/main.o
 .debug_macro   0x00023e57       0x4a ./Core/Src/main.o
 .debug_macro   0x00023ea1       0x34 ./Core/Src/main.o
 .debug_macro   0x00023ed5       0x10 ./Core/Src/main.o
 .debug_macro   0x00023ee5       0x58 ./Core/Src/main.o
 .debug_macro   0x00023f3d       0x8e ./Core/Src/main.o
 .debug_macro   0x00023fcb       0x1c ./Core/Src/main.o
 .debug_macro   0x00023fe7      0x17e ./Core/Src/main.o
 .debug_macro   0x00024165       0x16 ./Core/Src/main.o
 .debug_macro   0x0002417b       0x29 ./Core/Src/main.o
 .debug_macro   0x000241a4      0x1c9 ./Core/Src/stm32g4xx_hal_msp.o
 .debug_macro   0x0002436d      0x1d3 ./Core/Src/stm32g4xx_it.o
 .debug_macro   0x00024540      0x1ba ./Core/Src/system_stm32g4xx.o
 .debug_macro   0x000246fa      0x208 ./Drivers/STM32G4xx_HAL_Driver/Src/stm32g4xx_hal.o
 .debug_macro   0x00024902      0x1ba ./Drivers/STM32G4xx_HAL_Driver/Src/stm32g4xx_hal_cortex.o
 .debug_macro   0x00024abc      0x1ba ./Drivers/STM32G4xx_HAL_Driver/Src/stm32g4xx_hal_dma.o
 .debug_macro   0x00024c76      0x1c1 ./Drivers/STM32G4xx_HAL_Driver/Src/stm32g4xx_hal_gpio.o
 .debug_macro   0x00024e37      0x1e4 ./Drivers/STM32G4xx_HAL_Driver/Src/stm32g4xx_hal_pwr_ex.o
 .debug_macro   0x0002501b      0x1fc ./Drivers/STM32G4xx_HAL_Driver/Src/stm32g4xx_hal_rcc.o
 .debug_macro   0x00025217      0x1c2 ./Drivers/STM32G4xx_HAL_Driver/Src/stm32g4xx_hal_tim.o
 .debug_macro   0x000253d9      0x1c0 ./Drivers/STM32G4xx_HAL_Driver/Src/stm32g4xx_hal_tim_ex.o

.debug_line     0x00000000     0xe3ac
 .debug_line    0x00000000      0x87b ./Core/Src/WS2812B.o
 .debug_line    0x0000087b      0xc19 ./Core/Src/main.o
 .debug_line    0x00001494      0x86e ./Core/Src/stm32g4xx_hal_msp.o
 .debug_line    0x00001d02      0x8a2 ./Core/Src/stm32g4xx_it.o
 .debug_line    0x000025a4      0x848 ./Core/Src/system_stm32g4xx.o
 .debug_line    0x00002dec       0x7b ./Core/Startup/startup_stm32g474retx.o
 .debug_line    0x00002e67      0xc17 ./Drivers/STM32G4xx_HAL_Driver/Src/stm32g4xx_hal.o
 .debug_line    0x00003a7e      0xd79 ./Drivers/STM32G4xx_HAL_Driver/Src/stm32g4xx_hal_cortex.o
 .debug_line    0x000047f7      0xf29 ./Drivers/STM32G4xx_HAL_Driver/Src/stm32g4xx_hal_dma.o
 .debug_line    0x00005720      0xc00 ./Drivers/STM32G4xx_HAL_Driver/Src/stm32g4xx_hal_gpio.o
 .debug_line    0x00006320      0xd73 ./Drivers/STM32G4xx_HAL_Driver/Src/stm32g4xx_hal_pwr_ex.o
 .debug_line    0x00007093     0x1097 ./Drivers/STM32G4xx_HAL_Driver/Src/stm32g4xx_hal_rcc.o
 .debug_line    0x0000812a     0x4167 ./Drivers/STM32G4xx_HAL_Driver/Src/stm32g4xx_hal_tim.o
 .debug_line    0x0000c291     0x211b ./Drivers/STM32G4xx_HAL_Driver/Src/stm32g4xx_hal_tim_ex.o

.debug_str      0x00000000    0xf4914
 .debug_str     0x00000000    0xf4914 ./Core/Src/WS2812B.o
                              0xedd7c (size before relaxing)
 .debug_str     0x000f4914    0xf1b41 ./Core/Src/main.o
 .debug_str     0x000f4914    0xedf7c ./Core/Src/stm32g4xx_hal_msp.o
 .debug_str     0x000f4914    0xeda54 ./Core/Src/stm32g4xx_it.o
 .debug_str     0x000f4914    0xed851 ./Core/Src/system_stm32g4xx.o
 .debug_str     0x000f4914       0x8e ./Core/Startup/startup_stm32g474retx.o
 .debug_str     0x000f4914    0xee563 ./Drivers/STM32G4xx_HAL_Driver/Src/stm32g4xx_hal.o
 .debug_str     0x000f4914    0xee21f ./Drivers/STM32G4xx_HAL_Driver/Src/stm32g4xx_hal_cortex.o
 .debug_str     0x000f4914    0xedc2b ./Drivers/STM32G4xx_HAL_Driver/Src/stm32g4xx_hal_dma.o
 .debug_str     0x000f4914    0xed9dc ./Drivers/STM32G4xx_HAL_Driver/Src/stm32g4xx_hal_gpio.o
 .debug_str     0x000f4914    0xedd3f ./Drivers/STM32G4xx_HAL_Driver/Src/stm32g4xx_hal_pwr_ex.o
 .debug_str     0x000f4914    0xedf70 ./Drivers/STM32G4xx_HAL_Driver/Src/stm32g4xx_hal_rcc.o
 .debug_str     0x000f4914    0xeed4f ./Drivers/STM32G4xx_HAL_Driver/Src/stm32g4xx_hal_tim.o
 .debug_str     0x000f4914    0xee9c3 ./Drivers/STM32G4xx_HAL_Driver/Src/stm32g4xx_hal_tim_ex.o

.comment        0x00000000       0x43
 .comment       0x00000000       0x43 ./Core/Src/WS2812B.o
                                 0x44 (size before relaxing)
 .comment       0x00000043       0x44 ./Core/Src/main.o
 .comment       0x00000043       0x44 ./Core/Src/stm32g4xx_hal_msp.o
 .comment       0x00000043       0x44 ./Core/Src/stm32g4xx_it.o
 .comment       0x00000043       0x44 ./Core/Src/system_stm32g4xx.o
 .comment       0x00000043       0x44 ./Drivers/STM32G4xx_HAL_Driver/Src/stm32g4xx_hal.o
 .comment       0x00000043       0x44 ./Drivers/STM32G4xx_HAL_Driver/Src/stm32g4xx_hal_cortex.o
 .comment       0x00000043       0x44 ./Drivers/STM32G4xx_HAL_Driver/Src/stm32g4xx_hal_dma.o
 .comment       0x00000043       0x44 ./Drivers/STM32G4xx_HAL_Driver/Src/stm32g4xx_hal_gpio.o
 .comment       0x00000043       0x44 ./Drivers/STM32G4xx_HAL_Driver/Src/stm32g4xx_hal_pwr_ex.o
 .comment       0x00000043       0x44 ./Drivers/STM32G4xx_HAL_Driver/Src/stm32g4xx_hal_rcc.o
 .comment       0x00000043       0x44 ./Drivers/STM32G4xx_HAL_Driver/Src/stm32g4xx_hal_tim.o
 .comment       0x00000043       0x44 ./Drivers/STM32G4xx_HAL_Driver/Src/stm32g4xx_hal_tim_ex.o

.debug_frame    0x00000000     0x31d8
 .debug_frame   0x00000000       0x98 ./Core/Src/WS2812B.o
 .debug_frame   0x00000098       0xd8 ./Core/Src/main.o
 .debug_frame   0x00000170       0xa0 ./Core/Src/stm32g4xx_hal_msp.o
 .debug_frame   0x00000210      0x114 ./Core/Src/stm32g4xx_it.o
 .debug_frame   0x00000324       0x50 ./Core/Src/system_stm32g4xx.o
 .debug_frame   0x00000374      0x480 ./Drivers/STM32G4xx_HAL_Driver/Src/stm32g4xx_hal.o
 .debug_frame   0x000007f4      0x49c ./Drivers/STM32G4xx_HAL_Driver/Src/stm32g4xx_hal_cortex.o
 .debug_frame   0x00000c90      0x22c ./Drivers/STM32G4xx_HAL_Driver/Src/stm32g4xx_hal_dma.o
 .debug_frame   0x00000ebc      0x130 ./Drivers/STM32G4xx_HAL_Driver/Src/stm32g4xx_hal_gpio.o
 .debug_frame   0x00000fec      0x46c ./Drivers/STM32G4xx_HAL_Driver/Src/stm32g4xx_hal_pwr_ex.o
 .debug_frame   0x00001458      0x218 ./Drivers/STM32G4xx_HAL_Driver/Src/stm32g4xx_hal_rcc.o
 .debug_frame   0x00001670     0x1148 ./Drivers/STM32G4xx_HAL_Driver/Src/stm32g4xx_hal_tim.o
 .debug_frame   0x000027b8      0x9d4 ./Drivers/STM32G4xx_HAL_Driver/Src/stm32g4xx_hal_tim_ex.o
 .debug_frame   0x0000318c       0x20 F:/programy/STM32CubeIDE/STM32CubeIDE_2.1.1/STM32CubeIDE/plugins/com.st.stm32cube.ide.mcu.externaltools.gnu-tools-for-stm32.14.3.rel1.win32_1.0.100.202602081740/tools/bin/../lib/gcc/arm-none-eabi/14.3.1/../../../../arm-none-eabi/lib/thumb/v7e-m+fp/hard\libc_nano.a(libc_a-memset.o)
 .debug_frame   0x000031ac       0x2c F:/programy/STM32CubeIDE/STM32CubeIDE_2.1.1/STM32CubeIDE/plugins/com.st.stm32cube.ide.mcu.externaltools.gnu-tools-for-stm32.14.3.rel1.win32_1.0.100.202602081740/tools/bin/../lib/gcc/arm-none-eabi/14.3.1/../../../../arm-none-eabi/lib/thumb/v7e-m+fp/hard\libc_nano.a(libc_a-init.o)

.debug_line_str
                0x00000000       0x72
 .debug_line_str
                0x00000000       0x72 ./Core/Startup/startup_stm32g474retx.o
